Archive member included to satisfy reference by file (symbol)

c:/st/stm32cubeide_1.4.0/stm32cubeide/plugins/com.st.stm32cube.ide.mcu.externaltools.gnu-tools-for-stm32.10.3-2021.10.win32_1.0.0.202111181127/tools/bin/../lib/gcc/arm-none-eabi/10.3.1/../../../../arm-none-eabi/lib/thumb/v7-m/nofp\libc_nano.a(lib_a-errno.o)
                              ./Core/Src/syscalls.o (__errno)
c:/st/stm32cubeide_1.4.0/stm32cubeide/plugins/com.st.stm32cube.ide.mcu.externaltools.gnu-tools-for-stm32.10.3-2021.10.win32_1.0.0.202111181127/tools/bin/../lib/gcc/arm-none-eabi/10.3.1/../../../../arm-none-eabi/lib/thumb/v7-m/nofp\libc_nano.a(lib_a-exit.o)
                              c:/st/stm32cubeide_1.4.0/stm32cubeide/plugins/com.st.stm32cube.ide.mcu.externaltools.gnu-tools-for-stm32.10.3-2021.10.win32_1.0.0.202111181127/tools/bin/../lib/gcc/arm-none-eabi/10.3.1/../../../../arm-none-eabi/lib/thumb/v7-m/nofp/crt0.o (exit)
c:/st/stm32cubeide_1.4.0/stm32cubeide/plugins/com.st.stm32cube.ide.mcu.externaltools.gnu-tools-for-stm32.10.3-2021.10.win32_1.0.0.202111181127/tools/bin/../lib/gcc/arm-none-eabi/10.3.1/../../../../arm-none-eabi/lib/thumb/v7-m/nofp\libc_nano.a(lib_a-impure.o)
                              c:/st/stm32cubeide_1.4.0/stm32cubeide/plugins/com.st.stm32cube.ide.mcu.externaltools.gnu-tools-for-stm32.10.3-2021.10.win32_1.0.0.202111181127/tools/bin/../lib/gcc/arm-none-eabi/10.3.1/../../../../arm-none-eabi/lib/thumb/v7-m/nofp\libc_nano.a(lib_a-exit.o) (_global_impure_ptr)
c:/st/stm32cubeide_1.4.0/stm32cubeide/plugins/com.st.stm32cube.ide.mcu.externaltools.gnu-tools-for-stm32.10.3-2021.10.win32_1.0.0.202111181127/tools/bin/../lib/gcc/arm-none-eabi/10.3.1/../../../../arm-none-eabi/lib/thumb/v7-m/nofp\libc_nano.a(lib_a-init.o)
                              c:/st/stm32cubeide_1.4.0/stm32cubeide/plugins/com.st.stm32cube.ide.mcu.externaltools.gnu-tools-for-stm32.10.3-2021.10.win32_1.0.0.202111181127/tools/bin/../lib/gcc/arm-none-eabi/10.3.1/../../../../arm-none-eabi/lib/thumb/v7-m/nofp/crt0.o (__libc_init_array)
c:/st/stm32cubeide_1.4.0/stm32cubeide/plugins/com.st.stm32cube.ide.mcu.externaltools.gnu-tools-for-stm32.10.3-2021.10.win32_1.0.0.202111181127/tools/bin/../lib/gcc/arm-none-eabi/10.3.1/../../../../arm-none-eabi/lib/thumb/v7-m/nofp\libc_nano.a(lib_a-memcmp.o)
                              ./ThirdParty/SEGGER/OS/SEGGER_SYSVIEW_FreeRTOS.o (memcmp)
c:/st/stm32cubeide_1.4.0/stm32cubeide/plugins/com.st.stm32cube.ide.mcu.externaltools.gnu-tools-for-stm32.10.3-2021.10.win32_1.0.0.202111181127/tools/bin/../lib/gcc/arm-none-eabi/10.3.1/../../../../arm-none-eabi/lib/thumb/v7-m/nofp\libc_nano.a(lib_a-memcpy-stub.o)
                              ./ThirdParty/FreeRTOS/queue.o (memcpy)
c:/st/stm32cubeide_1.4.0/stm32cubeide/plugins/com.st.stm32cube.ide.mcu.externaltools.gnu-tools-for-stm32.10.3-2021.10.win32_1.0.0.202111181127/tools/bin/../lib/gcc/arm-none-eabi/10.3.1/../../../../arm-none-eabi/lib/thumb/v7-m/nofp\libc_nano.a(lib_a-memset.o)
                              c:/st/stm32cubeide_1.4.0/stm32cubeide/plugins/com.st.stm32cube.ide.mcu.externaltools.gnu-tools-for-stm32.10.3-2021.10.win32_1.0.0.202111181127/tools/bin/../lib/gcc/arm-none-eabi/10.3.1/../../../../arm-none-eabi/lib/thumb/v7-m/nofp/crt0.o (memset)
c:/st/stm32cubeide_1.4.0/stm32cubeide/plugins/com.st.stm32cube.ide.mcu.externaltools.gnu-tools-for-stm32.10.3-2021.10.win32_1.0.0.202111181127/tools/bin/../lib/gcc/arm-none-eabi/10.3.1/../../../../arm-none-eabi/lib/thumb/v7-m/nofp\libc_nano.a(lib_a-strlen.o)
                              ./ThirdParty/FreeRTOS/tasks.o (strlen)

Discarded input sections

 .text          0x0000000000000000        0x0 c:/st/stm32cubeide_1.4.0/stm32cubeide/plugins/com.st.stm32cube.ide.mcu.externaltools.gnu-tools-for-stm32.10.3-2021.10.win32_1.0.0.202111181127/tools/bin/../lib/gcc/arm-none-eabi/10.3.1/thumb/v7-m/nofp/crti.o
 .data          0x0000000000000000        0x0 c:/st/stm32cubeide_1.4.0/stm32cubeide/plugins/com.st.stm32cube.ide.mcu.externaltools.gnu-tools-for-stm32.10.3-2021.10.win32_1.0.0.202111181127/tools/bin/../lib/gcc/arm-none-eabi/10.3.1/thumb/v7-m/nofp/crti.o
 .bss           0x0000000000000000        0x0 c:/st/stm32cubeide_1.4.0/stm32cubeide/plugins/com.st.stm32cube.ide.mcu.externaltools.gnu-tools-for-stm32.10.3-2021.10.win32_1.0.0.202111181127/tools/bin/../lib/gcc/arm-none-eabi/10.3.1/thumb/v7-m/nofp/crti.o
 .data          0x0000000000000000        0x4 c:/st/stm32cubeide_1.4.0/stm32cubeide/plugins/com.st.stm32cube.ide.mcu.externaltools.gnu-tools-for-stm32.10.3-2021.10.win32_1.0.0.202111181127/tools/bin/../lib/gcc/arm-none-eabi/10.3.1/thumb/v7-m/nofp/crtbegin.o
 .rodata        0x0000000000000000       0x24 c:/st/stm32cubeide_1.4.0/stm32cubeide/plugins/com.st.stm32cube.ide.mcu.externaltools.gnu-tools-for-stm32.10.3-2021.10.win32_1.0.0.202111181127/tools/bin/../lib/gcc/arm-none-eabi/10.3.1/thumb/v7-m/nofp/crtbegin.o
[...]
Memory Configuration

Name             Origin             Length             Attributes
RAM              0x0000000020000000 0x0000000000005000 xrw
FLASH            0x0000000008000000 0x0000000000010000 xr
*default*        0x0000000000000000 0xffffffffffffffff

Linker script and memory map

LOAD c:/st/stm32cubeide_1.4.0/stm32cubeide/plugins/com.st.stm32cube.ide.mcu.externaltools.gnu-tools-for-stm32.10.3-2021.10.win32_1.0.0.202111181127/tools/bin/../lib/gcc/arm-none-eabi/10.3.1/thumb/v7-m/nofp/crti.o
LOAD c:/st/stm32cubeide_1.4.0/stm32cubeide/plugins/com.st.stm32cube.ide.mcu.externaltools.gnu-tools-for-stm32.10.3-2021.10.win32_1.0.0.202111181127/tools/bin/../lib/gcc/arm-none-eabi/10.3.1/thumb/v7-m/nofp/crtbegin.o
LOAD c:/st/stm32cubeide_1.4.0/stm32cubeide/plugins/com.st.stm32cube.ide.mcu.externaltools.gnu-tools-for-stm32.10.3-2021.10.win32_1.0.0.202111181127/tools/bin/../lib/gcc/arm-none-eabi/10.3.1/../../../../arm-none-eabi/lib/thumb/v7-m/nofp/crt0.o
LOAD ./Core/Src/main.o
LOAD ./Core/Src/stm32f1xx_hal_msp.o
LOAD ./Core/Src/stm32f1xx_hal_timebase_tim.o
LOAD ./Core/Src/stm32f1xx_it.o
LOAD ./Core/Src/syscalls.o
LOAD ./Core/Src/system_stm32f1xx.o
LOAD ./Core/Startup/startup_stm32f103c8tx.o
LOAD ./Drivers/STM32F1xx_HAL_Driver/Src/stm32f1xx_hal.o
LOAD ./Drivers/STM32F1xx_HAL_Driver/Src/stm32f1xx_hal_cortex.o
LOAD ./Drivers/STM32F1xx_HAL_Driver/Src/stm32f1xx_hal_dma.o
LOAD ./Drivers/STM32F1xx_HAL_Driver/Src/stm32f1xx_hal_exti.o
LOAD ./Drivers/STM32F1xx_HAL_Driver/Src/stm32f1xx_hal_flash.o
LOAD ./Drivers/STM32F1xx_HAL_Driver/Src/stm32f1xx_hal_flash_ex.o
LOAD ./Drivers/STM32F1xx_HAL_Driver/Src/stm32f1xx_hal_gpio.o
LOAD ./Drivers/STM32F1xx_HAL_Driver/Src/stm32f1xx_hal_gpio_ex.o
LOAD ./Drivers/STM32F1xx_HAL_Driver/Src/stm32f1xx_hal_pwr.o
LOAD ./Drivers/STM32F1xx_HAL_Driver/Src/stm32f1xx_hal_rcc.o
LOAD ./Drivers/STM32F1xx_HAL_Driver/Src/stm32f1xx_hal_rcc_ex.o
LOAD ./Drivers/STM32F1xx_HAL_Driver/Src/stm32f1xx_hal_tim.o
LOAD ./Drivers/STM32F1xx_HAL_Driver/Src/stm32f1xx_hal_tim_ex.o
LOAD ./ThirdParty/FreeRTOS/croutine.o
LOAD ./ThirdParty/FreeRTOS/event_groups.o
LOAD ./ThirdParty/FreeRTOS/list.o
LOAD ./ThirdParty/FreeRTOS/queue.o
LOAD ./ThirdParty/FreeRTOS/stream_buffer.o
LOAD ./ThirdParty/FreeRTOS/tasks.o
LOAD ./ThirdParty/FreeRTOS/timers.o
LOAD ./ThirdParty/FreeRTOS/portable/GCC/ARM_CM3/port.o
LOAD ./ThirdParty/FreeRTOS/portable/MemMang/heap_4.o
LOAD ./ThirdParty/SEGGER/Config/SEGGER_SYSVIEW_Config_FreeRTOS.o
LOAD ./ThirdParty/SEGGER/OS/SEGGER_SYSVIEW_FreeRTOS.o
LOAD ./ThirdParty/SEGGER/Rec/segger_uart.o
LOAD ./ThirdParty/SEGGER/SEGGER/SEGGER_RTT.o
LOAD ./ThirdParty/SEGGER/SEGGER/SEGGER_RTT_ASM_ARMv7M.o
LOAD ./ThirdParty/SEGGER/SEGGER/SEGGER_RTT_printf.o
LOAD ./ThirdParty/SEGGER/SEGGER/SEGGER_SYSVIEW.o
LOAD ./ThirdParty/SEGGER/SEGGER/Syscalls/SEGGER_RTT_Syscalls_GCC.o
START GROUP
LOAD c:/st/stm32cubeide_1.4.0/stm32cubeide/plugins/com.st.stm32cube.ide.mcu.externaltools.gnu-tools-for-stm32.10.3-2021.10.win32_1.0.0.202111181127/tools/bin/../lib/gcc/arm-none-eabi/10.3.1/../../../../arm-none-eabi/lib/thumb/v7-m/nofp\libc_nano.a
LOAD c:/st/stm32cubeide_1.4.0/stm32cubeide/plugins/com.st.stm32cube.ide.mcu.externaltools.gnu-tools-for-stm32.10.3-2021.10.win32_1.0.0.202111181127/tools/bin/../lib/gcc/arm-none-eabi/10.3.1/../../../../arm-none-eabi/lib/thumb/v7-m/nofp\libm.a
END GROUP
START GROUP
LOAD c:/st/stm32cubeide_1.4.0/stm32cubeide/plugins/com.st.stm32cube.ide.mcu.externaltools.gnu-tools-for-stm32.10.3-2021.10.win32_1.0.0.202111181127/tools/bin/../lib/gcc/arm-none-eabi/10.3.1/thumb/v7-m/nofp\libgcc.a
LOAD c:/st/stm32cubeide_1.4.0/stm32cubeide/plugins/com.st.stm32cube.ide.mcu.externaltools.gnu-tools-for-stm32.10.3-2021.10.win32_1.0.0.202111181127/tools/bin/../lib/gcc/arm-none-eabi/10.3.1/../../../../arm-none-eabi/lib/thumb/v7-m/nofp\libc_nano.a
END GROUP
START GROUP
LOAD c:/st/stm32cubeide_1.4.0/stm32cubeide/plugins/com.st.stm32cube.ide.mcu.externaltools.gnu-tools-for-stm32.10.3-2021.10.win32_1.0.0.202111181127/tools/bin/../lib/gcc/arm-none-eabi/10.3.1/thumb/v7-m/nofp\libgcc.a
LOAD c:/st/stm32cubeide_1.4.0/stm32cubeide/plugins/com.st.stm32cube.ide.mcu.externaltools.gnu-tools-for-stm32.10.3-2021.10.win32_1.0.0.202111181127/tools/bin/../lib/gcc/arm-none-eabi/10.3.1/../../../../arm-none-eabi/lib/thumb/v7-m/nofp\libc_nano.a
LOAD c:/st/stm32cubeide_1.4.0/stm32cubeide/plugins/com.st.stm32cube.ide.mcu.externaltools.gnu-tools-for-stm32.10.3-2021.10.win32_1.0.0.202111181127/tools/bin/../lib/gcc/arm-none-eabi/10.3.1/../../../../arm-none-eabi/lib/thumb/v7-m/nofp\libnosys.a
END GROUP
START GROUP
LOAD c:/st/stm32cubeide_1.4.0/stm32cubeide/plugins/com.st.stm32cube.ide.mcu.externaltools.gnu-tools-for-stm32.10.3-2021.10.win32_1.0.0.202111181127/tools/bin/../lib/gcc/arm-none-eabi/10.3.1/thumb/v7-m/nofp\libgcc.a
LOAD c:/st/stm32cubeide_1.4.0/stm32cubeide/plugins/com.st.stm32cube.ide.mcu.externaltools.gnu-tools-for-stm32.10.3-2021.10.win32_1.0.0.202111181127/tools/bin/../lib/gcc/arm-none-eabi/10.3.1/../../../../arm-none-eabi/lib/thumb/v7-m/nofp\libc_nano.a
LOAD c:/st/stm32cubeide_1.4.0/stm32cubeide/plugins/com.st.stm32cube.ide.mcu.externaltools.gnu-tools-for-stm32.10.3-2021.10.win32_1.0.0.202111181127/tools/bin/../lib/gcc/arm-none-eabi/10.3.1/../../../../arm-none-eabi/lib/thumb/v7-m/nofp\libnosys.a
END GROUP
LOAD c:/st/stm32cubeide_1.4.0/stm32cubeide/plugins/com.st.stm32cube.ide.mcu.externaltools.gnu-tools-for-stm32.10.3-2021.10.win32_1.0.0.202111181127/tools/bin/../lib/gcc/arm-none-eabi/10.3.1/thumb/v7-m/nofp/crtend.o
LOAD c:/st/stm32cubeide_1.4.0/stm32cubeide/plugins/com.st.stm32cube.ide.mcu.externaltools.gnu-tools-for-stm32.10.3-2021.10.win32_1.0.0.202111181127/tools/bin/../lib/gcc/arm-none-eabi/10.3.1/thumb/v7-m/nofp/crtn.o
                0x0000000020005000                _estack = (ORIGIN (RAM) + LENGTH (RAM))
                0x0000000000000200                _Min_Heap_Size = 0x200
                0x0000000000000400                _Min_Stack_Size = 0x400

.isr_vector     0x0000000008000000      0x10c
                0x0000000008000000                . = ALIGN (0x4)
 *(.isr_vector)
 .isr_vector    0x0000000008000000      0x10c ./Core/Startup/startup_stm32f103c8tx.o
                0x0000000008000000                g_pfnVectors
                0x000000000800010c                . = ALIGN (0x4)

.text           0x0000000008000110     0x5724
                0x0000000008000110                . = ALIGN (0x4)
 *(.text)
 .text          0x0000000008000110       0x40 c:/st/stm32cubeide_1.4.0/stm32cubeide/plugins/com.st.stm32cube.ide.mcu.externaltools.gnu-tools-for-stm32.10.3-2021.10.win32_1.0.0.202111181127/tools/bin/../lib/gcc/arm-none-eabi/10.3.1/thumb/v7-m/nofp/crtbegin.o
 .text          0x0000000008000150       0x8c ./ThirdParty/SEGGER/SEGGER/SEGGER_RTT_ASM_ARMv7M.o
                0x0000000008000150                SEGGER_RTT_ASM_WriteSkipNoLock
 *(.text*)
 .text.main     0x00000000080001dc      0x100 ./Core/Src/main.o
                0x00000000080001dc                main
 .text.SystemClock_Config
                0x00000000080002dc       0x8a ./Core/Src/main.o
                0x00000000080002dc                SystemClock_Config
 *fill*         0x0000000008000366        0x2 
 .text.MX_GPIO_Init
                0x0000000008000368       0xd8 ./Core/Src/main.o
 .text.button_handler
                0x0000000008000440       0x4c ./Core/Src/main.o
                0x0000000008000440                button_handler
 .text.priority_switch
                0x000000000800048c       0x50 ./Core/Src/main.o
 .text.led_blue_handler
                0x00000000080004dc       0x28 ./Core/Src/main.o
 .text.led_green_handler
                0x0000000008000504       0x28 ./Core/Src/main.o
 .text.HAL_TIM_PeriodElapsedCallback
                0x000000000800052c       0x1e ./Core/Src/main.o
                0x000000000800052c                HAL_TIM_PeriodElapsedCallback
 .text.Error_Handler
                0x000000000800054a        0xa ./Core/Src/main.o
                0x000000000800054a                Error_Handler
 .text.HAL_MspInit
                0x0000000008000554       0x48 ./Core/Src/stm32f1xx_hal_msp.o
                0x0000000008000554                HAL_MspInit
 .text.HAL_InitTick
                0x000000000800059c       0xf8 ./Core/Src/stm32f1xx_hal_timebase_tim.o
                0x000000000800059c                HAL_InitTick
 .text.NMI_Handler
                0x0000000008000694        0x6 ./Core/Src/stm32f1xx_it.o
                0x0000000008000694                NMI_Handler
 .text.HardFault_Handler
                0x000000000800069a        0x6 ./Core/Src/stm32f1xx_it.o
                0x000000000800069a                HardFault_Handler
 .text.MemManage_Handler
                0x00000000080006a0        0x6 ./Core/Src/stm32f1xx_it.o
                0x00000000080006a0                MemManage_Handler
 .text.BusFault_Handler
                0x00000000080006a6        0x6 ./Core/Src/stm32f1xx_it.o
                0x00000000080006a6                BusFault_Handler
 .text.UsageFault_Handler
                0x00000000080006ac        0x6 ./Core/Src/stm32f1xx_it.o
                0x00000000080006ac                UsageFault_Handler
 .text.DebugMon_Handler
                0x00000000080006b2        0xc ./Core/Src/stm32f1xx_it.o
                0x00000000080006b2                DebugMon_Handler
 *fill*         0x00000000080006be        0x2 
 .text.TIM2_IRQHandler
                0x00000000080006c0       0x14 ./Core/Src/stm32f1xx_it.o
                0x00000000080006c0                TIM2_IRQHandler
 .text.EXTI15_10_IRQHandler
                0x00000000080006d4       0x14 ./Core/Src/stm32f1xx_it.o
                0x00000000080006d4                EXTI15_10_IRQHandler
 .text.SystemInit
                0x00000000080006e8       0x68 ./Core/Src/system_stm32f1xx.o
                0x00000000080006e8                SystemInit
 .text.Reset_Handler
                0x0000000008000750       0x48 ./Core/Startup/startup_stm32f103c8tx.o
                0x0000000008000750                Reset_Handler
 .text.Default_Handler
                0x0000000008000798        0x2 ./Core/Startup/startup_stm32f103c8tx.o
                0x0000000008000798                RTC_Alarm_IRQHandler
                0x0000000008000798                EXTI2_IRQHandler
                0x0000000008000798                TIM1_CC_IRQHandler
                0x0000000008000798                PVD_IRQHandler
                0x0000000008000798                EXTI3_IRQHandler
                0x0000000008000798                EXTI0_IRQHandler
                0x0000000008000798                I2C2_EV_IRQHandler
                0x0000000008000798                ADC1_2_IRQHandler
                0x0000000008000798                SPI1_IRQHandler
                0x0000000008000798                TAMPER_IRQHandler
                0x0000000008000798                DMA1_Channel4_IRQHandler
                0x0000000008000798                USART3_IRQHandler
                0x0000000008000798                RTC_IRQHandler
                0x0000000008000798                DMA1_Channel7_IRQHandler
                0x0000000008000798                CAN1_RX1_IRQHandler
                0x0000000008000798                TIM4_IRQHandler
                0x0000000008000798                I2C1_EV_IRQHandler
                0x0000000008000798                DMA1_Channel6_IRQHandler
                0x0000000008000798                TIM3_IRQHandler
                0x0000000008000798                RCC_IRQHandler
                0x0000000008000798                TIM1_TRG_COM_IRQHandler
                0x0000000008000798                DMA1_Channel1_IRQHandler
                0x0000000008000798                Default_Handler
                0x0000000008000798                EXTI9_5_IRQHandler
                0x0000000008000798                SPI2_IRQHandler
                0x0000000008000798                DMA1_Channel5_IRQHandler
                0x0000000008000798                EXTI4_IRQHandler
                0x0000000008000798                USB_LP_CAN1_RX0_IRQHandler
                0x0000000008000798                USB_HP_CAN1_TX_IRQHandler
                0x0000000008000798                DMA1_Channel3_IRQHandler
                0x0000000008000798                TIM1_UP_IRQHandler
                0x0000000008000798                WWDG_IRQHandler
                0x0000000008000798                TIM1_BRK_IRQHandler
                0x0000000008000798                EXTI1_IRQHandler
                0x0000000008000798                I2C2_ER_IRQHandler
                0x0000000008000798                DMA1_Channel2_IRQHandler
                0x0000000008000798                CAN1_SCE_IRQHandler
                0x0000000008000798                FLASH_IRQHandler
                0x0000000008000798                USART1_IRQHandler
                0x0000000008000798                I2C1_ER_IRQHandler
                0x0000000008000798                USBWakeUp_IRQHandler
 *fill*         0x000000000800079a        0x2 
 .text.HAL_Init
                0x000000000800079c       0x2c ./Drivers/STM32F1xx_HAL_Driver/Src/stm32f1xx_hal.o
                0x000000000800079c                HAL_Init
 .text.HAL_IncTick
                0x00000000080007c8       0x24 ./Drivers/STM32F1xx_HAL_Driver/Src/stm32f1xx_hal.o
                0x00000000080007c8                HAL_IncTick
 .text.HAL_GetTick
                0x00000000080007ec       0x14 ./Drivers/STM32F1xx_HAL_Driver/Src/stm32f1xx_hal.o
                0x00000000080007ec                HAL_GetTick
 .text.HAL_Delay
                0x0000000008000800       0x48 ./Drivers/STM32F1xx_HAL_Driver/Src/stm32f1xx_hal.o
                0x0000000008000800                HAL_Delay
 .text.__NVIC_SetPriorityGrouping
                0x0000000008000848       0x48 ./Drivers/STM32F1xx_HAL_Driver/Src/stm32f1xx_hal_cortex.o
 .text.__NVIC_GetPriorityGrouping
                0x0000000008000890       0x1c ./Drivers/STM32F1xx_HAL_Driver/Src/stm32f1xx_hal_cortex.o
 .text.__NVIC_EnableIRQ
                0x00000000080008ac       0x38 ./Drivers/STM32F1xx_HAL_Driver/Src/stm32f1xx_hal_cortex.o
 .text.__NVIC_SetPriority
                0x00000000080008e4       0x54 ./Drivers/STM32F1xx_HAL_Driver/Src/stm32f1xx_hal_cortex.o
 .text.NVIC_EncodePriority
                0x0000000008000938       0x64 ./Drivers/STM32F1xx_HAL_Driver/Src/stm32f1xx_hal_cortex.o
 .text.HAL_NVIC_SetPriorityGrouping
                0x000000000800099c       0x16 ./Drivers/STM32F1xx_HAL_Driver/Src/stm32f1xx_hal_cortex.o
                0x000000000800099c                HAL_NVIC_SetPriorityGrouping
 .text.HAL_NVIC_SetPriority
                0x00000000080009b2       0x38 ./Drivers/STM32F1xx_HAL_Driver/Src/stm32f1xx_hal_cortex.o
                0x00000000080009b2                HAL_NVIC_SetPriority
 .text.HAL_NVIC_EnableIRQ
                0x00000000080009ea       0x1c ./Drivers/STM32F1xx_HAL_Driver/Src/stm32f1xx_hal_cortex.o
                0x00000000080009ea                HAL_NVIC_EnableIRQ
 *fill*         0x0000000008000a06        0x2 
 .text.HAL_GPIO_Init
                0x0000000008000a08      0x308 ./Drivers/STM32F1xx_HAL_Driver/Src/stm32f1xx_hal_gpio.o
                0x0000000008000a08                HAL_GPIO_Init
 .text.HAL_GPIO_WritePin
                0x0000000008000d10       0x30 ./Drivers/STM32F1xx_HAL_Driver/Src/stm32f1xx_hal_gpio.o
                0x0000000008000d10                HAL_GPIO_WritePin
 .text.HAL_GPIO_TogglePin
                0x0000000008000d40       0x30 ./Drivers/STM32F1xx_HAL_Driver/Src/stm32f1xx_hal_gpio.o
                0x0000000008000d40                HAL_GPIO_TogglePin
 .text.HAL_GPIO_EXTI_IRQHandler
                0x0000000008000d70       0x30 ./Drivers/STM32F1xx_HAL_Driver/Src/stm32f1xx_hal_gpio.o
                0x0000000008000d70                HAL_GPIO_EXTI_IRQHandler
 .text.HAL_GPIO_EXTI_Callback
                0x0000000008000da0       0x14 ./Drivers/STM32F1xx_HAL_Driver/Src/stm32f1xx_hal_gpio.o
                0x0000000008000da0                HAL_GPIO_EXTI_Callback
 .text.HAL_RCC_OscConfig
                0x0000000008000db4      0x504 ./Drivers/STM32F1xx_HAL_Driver/Src/stm32f1xx_hal_rcc.o
                0x0000000008000db4                HAL_RCC_OscConfig
 .text.HAL_RCC_ClockConfig
                0x00000000080012b8      0x1d4 ./Drivers/STM32F1xx_HAL_Driver/Src/stm32f1xx_hal_rcc.o
                0x00000000080012b8                HAL_RCC_ClockConfig
 .text.HAL_RCC_GetSysClockFreq
                0x000000000800148c       0xbc ./Drivers/STM32F1xx_HAL_Driver/Src/stm32f1xx_hal_rcc.o
                0x000000000800148c                HAL_RCC_GetSysClockFreq
 .text.HAL_RCC_GetHCLKFreq
                0x0000000008001548       0x14 ./Drivers/STM32F1xx_HAL_Driver/Src/stm32f1xx_hal_rcc.o
                0x0000000008001548                HAL_RCC_GetHCLKFreq
 .text.HAL_RCC_GetPCLK1Freq
                0x000000000800155c       0x28 ./Drivers/STM32F1xx_HAL_Driver/Src/stm32f1xx_hal_rcc.o
                0x000000000800155c                HAL_RCC_GetPCLK1Freq
 .text.HAL_RCC_GetClockConfig
                0x0000000008001584       0x60 ./Drivers/STM32F1xx_HAL_Driver/Src/stm32f1xx_hal_rcc.o
                0x0000000008001584                HAL_RCC_GetClockConfig
 .text.RCC_Delay
                0x00000000080015e4       0x3c ./Drivers/STM32F1xx_HAL_Driver/Src/stm32f1xx_hal_rcc.o
 .text.HAL_TIM_Base_Init
                0x0000000008001620       0x56 ./Drivers/STM32F1xx_HAL_Driver/Src/stm32f1xx_hal_tim.o
                0x0000000008001620                HAL_TIM_Base_Init
 .text.HAL_TIM_Base_MspInit
                0x0000000008001676       0x12 ./Drivers/STM32F1xx_HAL_Driver/Src/stm32f1xx_hal_tim.o
                0x0000000008001676                HAL_TIM_Base_MspInit
 .text.HAL_TIM_Base_Start_IT
                0x0000000008001688       0x46 ./Drivers/STM32F1xx_HAL_Driver/Src/stm32f1xx_hal_tim.o
                0x0000000008001688                HAL_TIM_Base_Start_IT
 .text.HAL_TIM_IRQHandler
                0x00000000080016ce      0x210 ./Drivers/STM32F1xx_HAL_Driver/Src/stm32f1xx_hal_tim.o
                0x00000000080016ce                HAL_TIM_IRQHandler
 .text.HAL_TIM_OC_DelayElapsedCallback
                0x00000000080018de       0x12 ./Drivers/STM32F1xx_HAL_Driver/Src/stm32f1xx_hal_tim.o
                0x00000000080018de                HAL_TIM_OC_DelayElapsedCallback
 .text.HAL_TIM_IC_CaptureCallback
                0x00000000080018f0       0x12 ./Drivers/STM32F1xx_HAL_Driver/Src/stm32f1xx_hal_tim.o
                0x00000000080018f0                HAL_TIM_IC_CaptureCallback
 .text.HAL_TIM_PWM_PulseFinishedCallback
                0x0000000008001902       0x12 ./Drivers/STM32F1xx_HAL_Driver/Src/stm32f1xx_hal_tim.o
                0x0000000008001902                HAL_TIM_PWM_PulseFinishedCallback
 .text.HAL_TIM_TriggerCallback
                0x0000000008001914       0x12 ./Drivers/STM32F1xx_HAL_Driver/Src/stm32f1xx_hal_tim.o
                0x0000000008001914                HAL_TIM_TriggerCallback
 *fill*         0x0000000008001926        0x2 
 .text.TIM_Base_SetConfig
                0x0000000008001928       0xc4 ./Drivers/STM32F1xx_HAL_Driver/Src/stm32f1xx_hal_tim.o
                0x0000000008001928                TIM_Base_SetConfig
 .text.HAL_TIMEx_CommutCallback
                0x00000000080019ec       0x12 ./Drivers/STM32F1xx_HAL_Driver/Src/stm32f1xx_hal_tim_ex.o
                0x00000000080019ec                HAL_TIMEx_CommutCallback
 .text.HAL_TIMEx_BreakCallback
                0x00000000080019fe       0x12 ./Drivers/STM32F1xx_HAL_Driver/Src/stm32f1xx_hal_tim_ex.o
                0x00000000080019fe                HAL_TIMEx_BreakCallback
 .text.vListInitialise
                0x0000000008001a10       0x3e ./ThirdParty/FreeRTOS/list.o
                0x0000000008001a10                vListInitialise
 .text.vListInitialiseItem
                0x0000000008001a4e       0x18 ./ThirdParty/FreeRTOS/list.o
                0x0000000008001a4e                vListInitialiseItem
 .text.vListInsertEnd
                0x0000000008001a66       0x46 ./ThirdParty/FreeRTOS/list.o
                0x0000000008001a66                vListInsertEnd
 .text.uxListRemove
                0x0000000008001aac       0x52 ./ThirdParty/FreeRTOS/list.o
                0x0000000008001aac                uxListRemove
 .text.xTaskCreate
                0x0000000008001afe       0x82 ./ThirdParty/FreeRTOS/tasks.o
                0x0000000008001afe                xTaskCreate
 .text.prvInitialiseNewTask
                0x0000000008001b80      0x12c ./ThirdParty/FreeRTOS/tasks.o
 .text.prvAddNewTaskToReadyList
                0x0000000008001cac      0x118 ./ThirdParty/FreeRTOS/tasks.o
 .text.uxTaskPriorityGet
                0x0000000008001dc4       0x34 ./ThirdParty/FreeRTOS/tasks.o
                0x0000000008001dc4                uxTaskPriorityGet
 .text.vTaskPrioritySet
                0x0000000008001df8      0x180 ./ThirdParty/FreeRTOS/tasks.o
                0x0000000008001df8                vTaskPrioritySet
 .text.vTaskSuspend
                0x0000000008001f78      0x15c ./ThirdParty/FreeRTOS/tasks.o
                0x0000000008001f78                vTaskSuspend
 .text.prvTaskIsTaskSuspended
                0x00000000080020d4       0x60 ./ThirdParty/FreeRTOS/tasks.o
 .text.xTaskResumeFromISR
                0x0000000008002134      0x108 ./ThirdParty/FreeRTOS/tasks.o
                0x0000000008002134                xTaskResumeFromISR
 .text.vTaskStartScheduler
                0x000000000800223c       0xb8 ./ThirdParty/FreeRTOS/tasks.o
                0x000000000800223c                vTaskStartScheduler
 .text.vTaskSuspendAll
                0x00000000080022f4       0x1c ./ThirdParty/FreeRTOS/tasks.o
                0x00000000080022f4                vTaskSuspendAll
 .text.xTaskResumeAll
                0x0000000008002310      0x140 ./ThirdParty/FreeRTOS/tasks.o
                0x0000000008002310                xTaskResumeAll
 .text.xTaskGetTickCountFromISR
                0x0000000008002450       0x24 ./ThirdParty/FreeRTOS/tasks.o
                0x0000000008002450                xTaskGetTickCountFromISR
 .text.xTaskIncrementTick
                0x0000000008002474      0x178 ./ThirdParty/FreeRTOS/tasks.o
                0x0000000008002474                xTaskIncrementTick
 .text.vTaskSwitchContext
                0x00000000080025ec       0xd4 ./ThirdParty/FreeRTOS/tasks.o
                0x00000000080025ec                vTaskSwitchContext
 .text.prvIdleTask
                0x00000000080026c0       0x30 ./ThirdParty/FreeRTOS/tasks.o
 .text.prvInitialiseTaskLists
                0x00000000080026f0       0x80 ./ThirdParty/FreeRTOS/tasks.o
 .text.prvCheckTasksWaitingTermination
                0x0000000008002770       0x5c ./ThirdParty/FreeRTOS/tasks.o
 .text.prvDeleteTCB
                0x00000000080027cc       0x20 ./ThirdParty/FreeRTOS/tasks.o
 .text.prvResetNextTaskUnblockTime
                0x00000000080027ec       0x34 ./ThirdParty/FreeRTOS/tasks.o
 .text.pxPortInitialiseStack
                0x0000000008002820       0x58 ./ThirdParty/FreeRTOS/portable/GCC/ARM_CM3/port.o
                0x0000000008002820                pxPortInitialiseStack
 .text.prvTaskExitError
                0x0000000008002878       0x58 ./ThirdParty/FreeRTOS/portable/GCC/ARM_CM3/port.o
 .text.SVC_Handler
                0x00000000080028d0       0x28 ./ThirdParty/FreeRTOS/portable/GCC/ARM_CM3/port.o
                0x00000000080028d0                SVC_Handler
 .text.prvPortStartFirstTask
                0x00000000080028f8       0x24 ./ThirdParty/FreeRTOS/portable/GCC/ARM_CM3/port.o
 .text.xPortStartScheduler
                0x000000000800291c       0xe4 ./ThirdParty/FreeRTOS/portable/GCC/ARM_CM3/port.o
                0x000000000800291c                xPortStartScheduler
 .text.vInitPrioGroupValue
                0x0000000008002a00       0xac ./ThirdParty/FreeRTOS/portable/GCC/ARM_CM3/port.o
                0x0000000008002a00                vInitPrioGroupValue
 .text.vPortEnterCritical
                0x0000000008002aac       0x60 ./ThirdParty/FreeRTOS/portable/GCC/ARM_CM3/port.o
                0x0000000008002aac                vPortEnterCritical
 .text.vPortExitCritical
                0x0000000008002b0c       0x50 ./ThirdParty/FreeRTOS/portable/GCC/ARM_CM3/port.o
                0x0000000008002b0c                vPortExitCritical
 *fill*         0x0000000008002b5c        0x4 
 .text.PendSV_Handler
                0x0000000008002b60       0x48 ./ThirdParty/FreeRTOS/portable/GCC/ARM_CM3/port.o
                0x0000000008002b60                PendSV_Handler
 .text.SysTick_Handler
                0x0000000008002ba8       0x54 ./ThirdParty/FreeRTOS/portable/GCC/ARM_CM3/port.o
                0x0000000008002ba8                SysTick_Handler
 .text.vPortSetupTimerInterrupt
                0x0000000008002bfc       0x44 ./ThirdParty/FreeRTOS/portable/GCC/ARM_CM3/port.o
                0x0000000008002bfc                vPortSetupTimerInterrupt
 .text.vPortValidateInterruptPriority
                0x0000000008002c40       0x7c ./ThirdParty/FreeRTOS/portable/GCC/ARM_CM3/port.o
                0x0000000008002c40                vPortValidateInterruptPriority
 .text.pvPortMalloc
                0x0000000008002cbc      0x1c0 ./ThirdParty/FreeRTOS/portable/MemMang/heap_4.o
                0x0000000008002cbc                pvPortMalloc
 .text.vPortFree
                0x0000000008002e7c       0xc4 ./ThirdParty/FreeRTOS/portable/MemMang/heap_4.o
                0x0000000008002e7c                vPortFree
 .text.prvHeapInit
                0x0000000008002f40       0xc4 ./ThirdParty/FreeRTOS/portable/MemMang/heap_4.o
 .text.prvInsertBlockIntoFreeList
                0x0000000008003004       0xb0 ./ThirdParty/FreeRTOS/portable/MemMang/heap_4.o
 .text._cbSendSystemDesc
                0x00000000080030b4       0x1c ./ThirdParty/SEGGER/Config/SEGGER_SYSVIEW_Config_FreeRTOS.o
 .text.SEGGER_SYSVIEW_Conf
                0x00000000080030d0       0x2c ./ThirdParty/SEGGER/Config/SEGGER_SYSVIEW_Config_FreeRTOS.o
                0x00000000080030d0                SEGGER_SYSVIEW_Conf
 .text._cbSendTaskList
                0x00000000080030fc       0x90 ./ThirdParty/SEGGER/OS/SEGGER_SYSVIEW_FreeRTOS.o
 .text._cbGetTime
                0x000000000800318c       0x86 ./ThirdParty/SEGGER/OS/SEGGER_SYSVIEW_FreeRTOS.o
 *fill*         0x0000000008003212        0x2 
 .text.SYSVIEW_AddTask
                0x0000000008003214       0xd0 ./ThirdParty/SEGGER/OS/SEGGER_SYSVIEW_FreeRTOS.o
                0x0000000008003214                SYSVIEW_AddTask
 .text.SYSVIEW_UpdateTask
                0x00000000080032e4       0xe0 ./ThirdParty/SEGGER/OS/SEGGER_SYSVIEW_FreeRTOS.o
                0x00000000080032e4                SYSVIEW_UpdateTask
 .text.SYSVIEW_SendTaskInfo
                0x00000000080033c4       0x42 ./ThirdParty/SEGGER/OS/SEGGER_SYSVIEW_FreeRTOS.o
                0x00000000080033c4                SYSVIEW_SendTaskInfo
 *fill*         0x0000000008003406        0x2 
 .text.__NVIC_EnableIRQ
                0x0000000008003408       0x38 ./ThirdParty/SEGGER/Rec/segger_uart.o
 .text.__NVIC_SetPriority
                0x0000000008003440       0x54 ./ThirdParty/SEGGER/Rec/segger_uart.o
 .text._StartSysView
                0x0000000008003494       0x1e ./ThirdParty/SEGGER/Rec/segger_uart.o
 *fill*         0x00000000080034b2        0x2 
 .text._cbOnUARTRx
                0x00000000080034b4       0x40 ./ThirdParty/SEGGER/Rec/segger_uart.o
 .text._cbOnUARTTx
                0x00000000080034f4       0x64 ./ThirdParty/SEGGER/Rec/segger_uart.o
 .text.SEGGER_UART_init
                0x0000000008003558       0x24 ./ThirdParty/SEGGER/Rec/segger_uart.o
                0x0000000008003558                SEGGER_UART_init
 .text.USART2_IRQHandler
                0x000000000800357c       0x94 ./ThirdParty/SEGGER/Rec/segger_uart.o
                0x000000000800357c                USART2_IRQHandler
 .text.HIF_UART_EnableTXEInterrupt
                0x0000000008003610       0x1c ./ThirdParty/SEGGER/Rec/segger_uart.o
                0x0000000008003610                HIF_UART_EnableTXEInterrupt
 .text.HIF_UART_Init
                0x000000000800362c       0xa4 ./ThirdParty/SEGGER/Rec/segger_uart.o
                0x000000000800362c                HIF_UART_Init
 .text._DoInit  0x00000000080036d0       0xa4 ./ThirdParty/SEGGER/SEGGER/SEGGER_RTT.o
 .text._WriteBlocking
                0x0000000008003774       0xb6 ./ThirdParty/SEGGER/SEGGER/SEGGER_RTT.o
 .text._WriteNoCheck
                0x000000000800382a       0x88 ./ThirdParty/SEGGER/SEGGER/SEGGER_RTT.o
 .text._GetAvailWriteSpace
                0x00000000080038b2       0x44 ./ThirdParty/SEGGER/SEGGER/SEGGER_RTT.o
 *fill*         0x00000000080038f6        0x2 
 .text.SEGGER_RTT_ReadUpBufferNoLock
                0x00000000080038f8      0x10c ./ThirdParty/SEGGER/SEGGER/SEGGER_RTT.o
                0x00000000080038f8                SEGGER_RTT_ReadUpBufferNoLock
 .text.SEGGER_RTT_ReadNoLock
                0x0000000008003a04      0x10c ./ThirdParty/SEGGER/SEGGER/SEGGER_RTT.o
                0x0000000008003a04                SEGGER_RTT_ReadNoLock
 .text.SEGGER_RTT_WriteDownBufferNoLock
                0x0000000008003b10       0xa0 ./ThirdParty/SEGGER/SEGGER/SEGGER_RTT.o
                0x0000000008003b10                SEGGER_RTT_WriteDownBufferNoLock
 .text.SEGGER_RTT_WriteDownBuffer
                0x0000000008003bb0       0x4c ./ThirdParty/SEGGER/SEGGER/SEGGER_RTT.o
                0x0000000008003bb0                SEGGER_RTT_WriteDownBuffer
 .text.SEGGER_RTT_AllocUpBuffer
                0x0000000008003bfc      0x104 ./ThirdParty/SEGGER/SEGGER/SEGGER_RTT.o
                0x0000000008003bfc                SEGGER_RTT_AllocUpBuffer
 .text.SEGGER_RTT_ConfigDownBuffer
                0x0000000008003d00       0xdc ./ThirdParty/SEGGER/SEGGER/SEGGER_RTT.o
                0x0000000008003d00                SEGGER_RTT_ConfigDownBuffer
 .text._EncodeStr
                0x0000000008003ddc       0x98 ./ThirdParty/SEGGER/SEGGER/SEGGER_SYSVIEW.o
 .text._PreparePacket
                0x0000000008003e74       0x16 ./ThirdParty/SEGGER/SEGGER/SEGGER_SYSVIEW.o
 *fill*         0x0000000008003e8a        0x2 
 .text._HandleIncomingPacket
                0x0000000008003e8c       0xe4 ./ThirdParty/SEGGER/SEGGER/SEGGER_SYSVIEW.o
 .text._TrySendOverflowPacket
                0x0000000008003f70       0xe8 ./ThirdParty/SEGGER/SEGGER/SEGGER_SYSVIEW.o
 .text._SendPacket
                0x0000000008004058      0x1d0 ./ThirdParty/SEGGER/SEGGER/SEGGER_SYSVIEW.o
 .text._StoreChar
                0x0000000008004228       0xf6 ./ThirdParty/SEGGER/SEGGER/SEGGER_SYSVIEW.o
 *fill*         0x000000000800431e        0x2 
 .text._PrintUnsigned
                0x0000000008004320      0x12c ./ThirdParty/SEGGER/SEGGER/SEGGER_SYSVIEW.o
 .text._PrintInt
                0x000000000800444c      0x11e ./ThirdParty/SEGGER/SEGGER/SEGGER_SYSVIEW.o
 *fill*         0x000000000800456a        0x2 
 .text._VPrintTarget
                0x000000000800456c      0x3f0 ./ThirdParty/SEGGER/SEGGER/SEGGER_SYSVIEW.o
 .text.SEGGER_SYSVIEW_Init
                0x000000000800495c       0x88 ./ThirdParty/SEGGER/SEGGER/SEGGER_SYSVIEW.o
                0x000000000800495c                SEGGER_SYSVIEW_Init
 .text.SEGGER_SYSVIEW_SetRAMBase
                0x00000000080049e4       0x1c ./ThirdParty/SEGGER/SEGGER/SEGGER_SYSVIEW.o
                0x00000000080049e4                SEGGER_SYSVIEW_SetRAMBase
 .text.SEGGER_SYSVIEW_RecordVoid
                0x0000000008004a00       0x3c ./ThirdParty/SEGGER/SEGGER/SEGGER_SYSVIEW.o
                0x0000000008004a00                SEGGER_SYSVIEW_RecordVoid
 .text.SEGGER_SYSVIEW_RecordU32
                0x0000000008004a3c       0x78 ./ThirdParty/SEGGER/SEGGER/SEGGER_SYSVIEW.o
                0x0000000008004a3c                SEGGER_SYSVIEW_RecordU32
 .text.SEGGER_SYSVIEW_RecordU32x2
                0x0000000008004ab4       0xb4 ./ThirdParty/SEGGER/SEGGER/SEGGER_SYSVIEW.o
                0x0000000008004ab4                SEGGER_SYSVIEW_RecordU32x2
 .text.SEGGER_SYSVIEW_Start
                0x0000000008004b68      0x178 ./ThirdParty/SEGGER/SEGGER/SEGGER_SYSVIEW.o
                0x0000000008004b68                SEGGER_SYSVIEW_Start
 .text.SEGGER_SYSVIEW_Stop
                0x0000000008004ce0       0x4c ./ThirdParty/SEGGER/SEGGER/SEGGER_SYSVIEW.o
                0x0000000008004ce0                SEGGER_SYSVIEW_Stop
 .text.SEGGER_SYSVIEW_GetSysDesc
                0x0000000008004d2c      0x134 ./ThirdParty/SEGGER/SEGGER/SEGGER_SYSVIEW.o
                0x0000000008004d2c                SEGGER_SYSVIEW_GetSysDesc
 .text.SEGGER_SYSVIEW_SendTaskInfo
                0x0000000008004e60      0x1c8 ./ThirdParty/SEGGER/SEGGER/SEGGER_SYSVIEW.o
                0x0000000008004e60                SEGGER_SYSVIEW_SendTaskInfo
 .text.SEGGER_SYSVIEW_SendTaskList
                0x0000000008005028       0x28 ./ThirdParty/SEGGER/SEGGER/SEGGER_SYSVIEW.o
                0x0000000008005028                SEGGER_SYSVIEW_SendTaskList
 .text.SEGGER_SYSVIEW_SendSysDesc
                0x0000000008005050       0x48 ./ThirdParty/SEGGER/SEGGER/SEGGER_SYSVIEW.o
                0x0000000008005050                SEGGER_SYSVIEW_SendSysDesc
 .text.SEGGER_SYSVIEW_RecordSystime
                0x0000000008005098       0x64 ./ThirdParty/SEGGER/SEGGER/SEGGER_SYSVIEW.o
                0x0000000008005098                SEGGER_SYSVIEW_RecordSystime
 .text.SEGGER_SYSVIEW_RecordEnterISR
                0x00000000080050fc       0x84 ./ThirdParty/SEGGER/SEGGER/SEGGER_SYSVIEW.o
                0x00000000080050fc                SEGGER_SYSVIEW_RecordEnterISR
 .text.SEGGER_SYSVIEW_RecordExitISR
                0x0000000008005180       0x38 ./ThirdParty/SEGGER/SEGGER/SEGGER_SYSVIEW.o
                0x0000000008005180                SEGGER_SYSVIEW_RecordExitISR
 .text.SEGGER_SYSVIEW_RecordExitISRToScheduler
                0x00000000080051b8       0x38 ./ThirdParty/SEGGER/SEGGER/SEGGER_SYSVIEW.o
                0x00000000080051b8                SEGGER_SYSVIEW_RecordExitISRToScheduler
 .text.SEGGER_SYSVIEW_OnIdle
                0x00000000080051f0       0x38 ./ThirdParty/SEGGER/SEGGER/SEGGER_SYSVIEW.o
                0x00000000080051f0                SEGGER_SYSVIEW_OnIdle
 .text.SEGGER_SYSVIEW_OnTaskCreate
                0x0000000008005228       0x84 ./ThirdParty/SEGGER/SEGGER/SEGGER_SYSVIEW.o
                0x0000000008005228                SEGGER_SYSVIEW_OnTaskCreate
 .text.SEGGER_SYSVIEW_OnTaskStartExec
                0x00000000080052ac       0x84 ./ThirdParty/SEGGER/SEGGER/SEGGER_SYSVIEW.o
                0x00000000080052ac                SEGGER_SYSVIEW_OnTaskStartExec
 .text.SEGGER_SYSVIEW_OnTaskStartReady
                0x0000000008005330       0x84 ./ThirdParty/SEGGER/SEGGER/SEGGER_SYSVIEW.o
                0x0000000008005330                SEGGER_SYSVIEW_OnTaskStartReady
 .text.SEGGER_SYSVIEW_OnTaskStopReady
                0x00000000080053b4       0xc0 ./ThirdParty/SEGGER/SEGGER/SEGGER_SYSVIEW.o
                0x00000000080053b4                SEGGER_SYSVIEW_OnTaskStopReady
 .text.SEGGER_SYSVIEW_ShrinkId
                0x0000000008005474       0x20 ./ThirdParty/SEGGER/SEGGER/SEGGER_SYSVIEW.o
                0x0000000008005474                SEGGER_SYSVIEW_ShrinkId
 .text.SEGGER_SYSVIEW_SendModule
                0x0000000008005494      0x100 ./ThirdParty/SEGGER/SEGGER/SEGGER_SYSVIEW.o
                0x0000000008005494                SEGGER_SYSVIEW_SendModule
 .text.SEGGER_SYSVIEW_SendModuleDescription
                0x0000000008005594       0x3c ./ThirdParty/SEGGER/SEGGER/SEGGER_SYSVIEW.o
                0x0000000008005594                SEGGER_SYSVIEW_SendModuleDescription
 .text.SEGGER_SYSVIEW_SendNumModules
                0x00000000080055d0       0x7c ./ThirdParty/SEGGER/SEGGER/SEGGER_SYSVIEW.o
                0x00000000080055d0                SEGGER_SYSVIEW_SendNumModules
 .text.SEGGER_SYSVIEW_PrintfTarget
                0x000000000800564c       0x28 ./ThirdParty/SEGGER/SEGGER/SEGGER_SYSVIEW.o
                0x000000000800564c                SEGGER_SYSVIEW_PrintfTarget
 .text.SEGGER_SYSVIEW_Warn
                0x0000000008005674       0xb8 ./ThirdParty/SEGGER/SEGGER/SEGGER_SYSVIEW.o
                0x0000000008005674                SEGGER_SYSVIEW_Warn
 .text.SEGGER_SYSVIEW_IsStarted
                0x000000000800572c       0x5c ./ThirdParty/SEGGER/SEGGER/SEGGER_SYSVIEW.o
                0x000000000800572c                SEGGER_SYSVIEW_IsStarted
 .text.__libc_init_array
                0x0000000008005788       0x48 c:/st/stm32cubeide_1.4.0/stm32cubeide/plugins/com.st.stm32cube.ide.mcu.externaltools.gnu-tools-for-stm32.10.3-2021.10.win32_1.0.0.202111181127/tools/bin/../lib/gcc/arm-none-eabi/10.3.1/../../../../arm-none-eabi/lib/thumb/v7-m/nofp\libc_nano.a(lib_a-init.o)
                0x0000000008005788                __libc_init_array
 .text.memcmp   0x00000000080057d0       0x20 c:/st/stm32cubeide_1.4.0/stm32cubeide/plugins/com.st.stm32cube.ide.mcu.externaltools.gnu-tools-for-stm32.10.3-2021.10.win32_1.0.0.202111181127/tools/bin/../lib/gcc/arm-none-eabi/10.3.1/../../../../arm-none-eabi/lib/thumb/v7-m/nofp\libc_nano.a(lib_a-memcmp.o)
                0x00000000080057d0                memcmp
 .text.memcpy   0x00000000080057f0       0x1c c:/st/stm32cubeide_1.4.0/stm32cubeide/plugins/com.st.stm32cube.ide.mcu.externaltools.gnu-tools-for-stm32.10.3-2021.10.win32_1.0.0.202111181127/tools/bin/../lib/gcc/arm-none-eabi/10.3.1/../../../../arm-none-eabi/lib/thumb/v7-m/nofp\libc_nano.a(lib_a-memcpy-stub.o)
                0x00000000080057f0                memcpy
 .text.memset   0x000000000800580c       0x10 c:/st/stm32cubeide_1.4.0/stm32cubeide/plugins/com.st.stm32cube.ide.mcu.externaltools.gnu-tools-for-stm32.10.3-2021.10.win32_1.0.0.202111181127/tools/bin/../lib/gcc/arm-none-eabi/10.3.1/../../../../arm-none-eabi/lib/thumb/v7-m/nofp\libc_nano.a(lib_a-memset.o)
                0x000000000800580c                memset
 *(.glue_7)
 .glue_7        0x000000000800581c        0x0 linker stubs
 *(.glue_7t)
 .glue_7t       0x000000000800581c        0x0 linker stubs
 *(.eh_frame)
 .eh_frame      0x000000000800581c        0x0 c:/st/stm32cubeide_1.4.0/stm32cubeide/plugins/com.st.stm32cube.ide.mcu.externaltools.gnu-tools-for-stm32.10.3-2021.10.win32_1.0.0.202111181127/tools/bin/../lib/gcc/arm-none-eabi/10.3.1/thumb/v7-m/nofp/crtbegin.o
 *(.init)
 .init          0x000000000800581c        0x4 c:/st/stm32cubeide_1.4.0/stm32cubeide/plugins/com.st.stm32cube.ide.mcu.externaltools.gnu-tools-for-stm32.10.3-2021.10.win32_1.0.0.202111181127/tools/bin/../lib/gcc/arm-none-eabi/10.3.1/thumb/v7-m/nofp/crti.o
                0x000000000800581c                _init
 .init          0x0000000008005820        0x8 c:/st/stm32cubeide_1.4.0/stm32cubeide/plugins/com.st.stm32cube.ide.mcu.externaltools.gnu-tools-for-stm32.10.3-2021.10.win32_1.0.0.202111181127/tools/bin/../lib/gcc/arm-none-eabi/10.3.1/thumb/v7-m/nofp/crtn.o
 *(.fini)
 .fini          0x0000000008005828        0x4 c:/st/stm32cubeide_1.4.0/stm32cubeide/plugins/com.st.stm32cube.ide.mcu.externaltools.gnu-tools-for-stm32.10.3-2021.10.win32_1.0.0.202111181127/tools/bin/../lib/gcc/arm-none-eabi/10.3.1/thumb/v7-m/nofp/crti.o
                0x0000000008005828                _fini
 .fini          0x000000000800582c        0x8 c:/st/stm32cubeide_1.4.0/stm32cubeide/plugins/com.st.stm32cube.ide.mcu.externaltools.gnu-tools-for-stm32.10.3-2021.10.win32_1.0.0.202111181127/tools/bin/../lib/gcc/arm-none-eabi/10.3.1/thumb/v7-m/nofp/crtn.o
                0x0000000008005834                . = ALIGN (0x4)
                0x0000000008005834                _etext = .

.vfp11_veneer   0x0000000008005834        0x0
 .vfp11_veneer  0x0000000008005834        0x0 linker stubs

.v4_bx          0x0000000008005834        0x0
 .v4_bx         0x0000000008005834        0x0 linker stubs

.iplt           0x0000000008005834        0x0
 .iplt          0x0000000008005834        0x0 c:/st/stm32cubeide_1.4.0/stm32cubeide/plugins/com.st.stm32cube.ide.mcu.externaltools.gnu-tools-for-stm32.10.3-2021.10.win32_1.0.0.202111181127/tools/bin/../lib/gcc/arm-none-eabi/10.3.1/thumb/v7-m/nofp/crtbegin.o

.rodata         0x0000000008005834      0x158
                0x0000000008005834                . = ALIGN (0x4)
 *(.rodata)
 .rodata        0x0000000008005834       0x42 ./Core/Src/main.o
 *fill*         0x0000000008005876        0x2 
 .rodata        0x0000000008005878       0x10 ./Drivers/STM32F1xx_HAL_Driver/Src/stm32f1xx_hal_rcc.o
 .rodata        0x0000000008005888        0x5 ./ThirdParty/FreeRTOS/tasks.o
 *fill*         0x000000000800588d        0x3 
 .rodata        0x0000000008005890       0x41 ./ThirdParty/SEGGER/Config/SEGGER_SYSVIEW_Config_FreeRTOS.o
 *fill*         0x00000000080058d1        0x3 
 .rodata        0x00000000080058d4       0x58 ./ThirdParty/SEGGER/OS/SEGGER_SYSVIEW_FreeRTOS.o
 .rodata        0x000000000800592c       0x17 ./ThirdParty/SEGGER/SEGGER/SEGGER_RTT.o
 *fill*         0x0000000008005943        0x1 
 .rodata        0x0000000008005944        0x8 ./ThirdParty/SEGGER/SEGGER/SEGGER_SYSVIEW.o
 *(.rodata*)
 .rodata.AHBPrescTable
                0x000000000800594c       0x10 ./Core/Src/system_stm32f1xx.o
                0x000000000800594c                AHBPrescTable
 .rodata.APBPrescTable
                0x000000000800595c        0x8 ./Core/Src/system_stm32f1xx.o
                0x000000000800595c                APBPrescTable
 .rodata.SYSVIEW_X_OS_TraceAPI
                0x0000000008005964        0x8 ./ThirdParty/SEGGER/OS/SEGGER_SYSVIEW_FreeRTOS.o
                0x0000000008005964                SYSVIEW_X_OS_TraceAPI
 .rodata._abHelloMsg
                0x000000000800596c        0x4 ./ThirdParty/SEGGER/Rec/segger_uart.o
 .rodata._abSync
                0x0000000008005970        0xa ./ThirdParty/SEGGER/SEGGER/SEGGER_SYSVIEW.o
 *fill*         0x000000000800597a        0x2 
 .rodata._aV2C.0
                0x000000000800597c       0x10 ./ThirdParty/SEGGER/SEGGER/SEGGER_SYSVIEW.o
                0x000000000800598c                . = ALIGN (0x4)

.rel.dyn        0x000000000800598c        0x0
 .rel.iplt      0x000000000800598c        0x0 c:/st/stm32cubeide_1.4.0/stm32cubeide/plugins/com.st.stm32cube.ide.mcu.externaltools.gnu-tools-for-stm32.10.3-2021.10.win32_1.0.0.202111181127/tools/bin/../lib/gcc/arm-none-eabi/10.3.1/thumb/v7-m/nofp/crtbegin.o

.ARM.extab      0x000000000800598c        0x0
                0x000000000800598c                . = ALIGN (0x4)
 *(.ARM.extab* .gnu.linkonce.armextab.*)
                0x000000000800598c                . = ALIGN (0x4)

.ARM            0x000000000800598c        0x0
                0x000000000800598c                . = ALIGN (0x4)
                0x000000000800598c                __exidx_start = .
 *(.ARM.exidx*)
                0x000000000800598c                __exidx_end = .
                0x000000000800598c                . = ALIGN (0x4)

.preinit_array  0x000000000800598c        0x0
                0x000000000800598c                . = ALIGN (0x4)
                0x000000000800598c                PROVIDE (__preinit_array_start = .)
 *(.preinit_array*)
                0x000000000800598c                PROVIDE (__preinit_array_end = .)
                0x000000000800598c                . = ALIGN (0x4)

.init_array     0x000000000800598c        0x4
                0x000000000800598c                . = ALIGN (0x4)
                0x000000000800598c                PROVIDE (__init_array_start = .)
 *(SORT_BY_NAME(.init_array.*))
 *(.init_array*)
 .init_array    0x000000000800598c        0x4 c:/st/stm32cubeide_1.4.0/stm32cubeide/plugins/com.st.stm32cube.ide.mcu.externaltools.gnu-tools-for-stm32.10.3-2021.10.win32_1.0.0.202111181127/tools/bin/../lib/gcc/arm-none-eabi/10.3.1/thumb/v7-m/nofp/crtbegin.o
                0x0000000008005990                PROVIDE (__init_array_end = .)
                0x0000000008005990                . = ALIGN (0x4)

.fini_array     0x0000000008005990        0x4
                0x0000000008005990                . = ALIGN (0x4)
                [!provide]                        PROVIDE (__fini_array_start = .)
 *(SORT_BY_NAME(.fini_array.*))
 *(.fini_array*)
 .fini_array    0x0000000008005990        0x4 c:/st/stm32cubeide_1.4.0/stm32cubeide/plugins/com.st.stm32cube.ide.mcu.externaltools.gnu-tools-for-stm32.10.3-2021.10.win32_1.0.0.202111181127/tools/bin/../lib/gcc/arm-none-eabi/10.3.1/thumb/v7-m/nofp/crtbegin.o
                [!provide]                        PROVIDE (__fini_array_end = .)
                0x0000000008005994                . = ALIGN (0x4)
                0x0000000008005994                _sidata = LOADADDR (.data)

.data           0x0000000020000000       0x1c load address 0x0000000008005994
                0x0000000020000000                . = ALIGN (0x4)
                0x0000000020000000                _sdata = .
 *(.data)
 *(.data*)
 .data.SystemCoreClock
                0x0000000020000000        0x4 ./Core/Src/system_stm32f1xx.o
                0x0000000020000000                SystemCoreClock
 .data.uwTickPrio
                0x0000000020000004        0x4 ./Drivers/STM32F1xx_HAL_Driver/Src/stm32f1xx_hal.o
                0x0000000020000004                uwTickPrio
 .data.uwTickFreq
                0x0000000020000008        0x1 ./Drivers/STM32F1xx_HAL_Driver/Src/stm32f1xx_hal.o
                0x0000000020000008                uwTickFreq
 *fill*         0x0000000020000009        0x3 
 .data.uxTopUsedPriority
                0x000000002000000c        0x4 ./ThirdParty/FreeRTOS/tasks.o
                0x000000002000000c                uxTopUsedPriority
 .data.uxCriticalNesting
                0x0000000020000010        0x4 ./ThirdParty/FreeRTOS/portable/GCC/ARM_CM3/port.o
 .data._SVInfo  0x0000000020000014        0x8 ./ThirdParty/SEGGER/Rec/segger_uart.o
 *(.RamFunc)
 *(.RamFunc*)
                0x000000002000001c                . = ALIGN (0x4)
                0x000000002000001c                _edata = .

.igot.plt       0x000000002000001c        0x0 load address 0x00000000080059b0
 .igot.plt      0x000000002000001c        0x0 c:/st/stm32cubeide_1.4.0/stm32cubeide/plugins/com.st.stm32cube.ide.mcu.externaltools.gnu-tools-for-stm32.10.3-2021.10.win32_1.0.0.202111181127/tools/bin/../lib/gcc/arm-none-eabi/10.3.1/thumb/v7-m/nofp/crtbegin.o
                0x000000002000001c                . = ALIGN (0x4)

.bss            0x000000002000001c     0x3418 load address 0x00000000080059b0
                0x000000002000001c                _sbss = .
                0x000000002000001c                __bss_start__ = _sbss
 *(.bss)
 .bss           0x000000002000001c       0x1c c:/st/stm32cubeide_1.4.0/stm32cubeide/plugins/com.st.stm32cube.ide.mcu.externaltools.gnu-tools-for-stm32.10.3-2021.10.win32_1.0.0.202111181127/tools/bin/../lib/gcc/arm-none-eabi/10.3.1/thumb/v7-m/nofp/crtbegin.o
 *(.bss*)
 .bss.task1_handle
                0x0000000020000038        0x4 ./Core/Src/main.o
                0x0000000020000038                task1_handle
 .bss.task2_handle
                0x000000002000003c        0x4 ./Core/Src/main.o
                0x000000002000003c                task2_handle
 .bss.task3_handle
                0x0000000020000040        0x4 ./Core/Src/main.o
                0x0000000020000040                task3_handle
 .bss.htim2     0x0000000020000044       0x40 ./Core/Src/stm32f1xx_hal_timebase_tim.o
                0x0000000020000044                htim2
 .bss.uwTick    0x0000000020000084        0x4 ./Drivers/STM32F1xx_HAL_Driver/Src/stm32f1xx_hal.o
                0x0000000020000084                uwTick
 .bss.pxCurrentTCB
                0x0000000020000088        0x4 ./ThirdParty/FreeRTOS/tasks.o
                0x0000000020000088                pxCurrentTCB
 .bss.pxReadyTasksLists
                0x000000002000008c       0x64 ./ThirdParty/FreeRTOS/tasks.o
 .bss.xDelayedTaskList1
                0x00000000200000f0       0x14 ./ThirdParty/FreeRTOS/tasks.o
 .bss.xDelayedTaskList2
                0x0000000020000104       0x14 ./ThirdParty/FreeRTOS/tasks.o
 .bss.pxDelayedTaskList
                0x0000000020000118        0x4 ./ThirdParty/FreeRTOS/tasks.o
 .bss.pxOverflowDelayedTaskList
                0x000000002000011c        0x4 ./ThirdParty/FreeRTOS/tasks.o
 .bss.xPendingReadyList
                0x0000000020000120       0x14 ./ThirdParty/FreeRTOS/tasks.o
 .bss.xTasksWaitingTermination
                0x0000000020000134       0x14 ./ThirdParty/FreeRTOS/tasks.o
 .bss.uxDeletedTasksWaitingCleanUp
                0x0000000020000148        0x4 ./ThirdParty/FreeRTOS/tasks.o
 .bss.xSuspendedTaskList
                0x000000002000014c       0x14 ./ThirdParty/FreeRTOS/tasks.o
 .bss.uxCurrentNumberOfTasks
                0x0000000020000160        0x4 ./ThirdParty/FreeRTOS/tasks.o
 .bss.xTickCount
                0x0000000020000164        0x4 ./ThirdParty/FreeRTOS/tasks.o
 .bss.uxTopReadyPriority
                0x0000000020000168        0x4 ./ThirdParty/FreeRTOS/tasks.o
 .bss.xSchedulerRunning
                0x000000002000016c        0x4 ./ThirdParty/FreeRTOS/tasks.o
 .bss.xPendedTicks
                0x0000000020000170        0x4 ./ThirdParty/FreeRTOS/tasks.o
 .bss.xYieldPending
                0x0000000020000174        0x4 ./ThirdParty/FreeRTOS/tasks.o
 .bss.xNumOfOverflows
                0x0000000020000178        0x4 ./ThirdParty/FreeRTOS/tasks.o
 .bss.uxTaskNumber
                0x000000002000017c        0x4 ./ThirdParty/FreeRTOS/tasks.o
 .bss.xNextTaskUnblockTime
                0x0000000020000180        0x4 ./ThirdParty/FreeRTOS/tasks.o
 .bss.xIdleTaskHandle
                0x0000000020000184        0x4 ./ThirdParty/FreeRTOS/tasks.o
 .bss.uxSchedulerSuspended
                0x0000000020000188        0x4 ./ThirdParty/FreeRTOS/tasks.o
 .bss.ucMaxSysCallPriority
                0x000000002000018c        0x1 ./ThirdParty/FreeRTOS/portable/GCC/ARM_CM3/port.o
 *fill*         0x000000002000018d        0x3 
 .bss.ulMaxPRIGROUPValue
                0x0000000020000190        0x4 ./ThirdParty/FreeRTOS/portable/GCC/ARM_CM3/port.o
 .bss.ucHeap    0x0000000020000194     0x1c00 ./ThirdParty/FreeRTOS/portable/MemMang/heap_4.o
 .bss.xStart    0x0000000020001d94        0x8 ./ThirdParty/FreeRTOS/portable/MemMang/heap_4.o
 .bss.pxEnd     0x0000000020001d9c        0x4 ./ThirdParty/FreeRTOS/portable/MemMang/heap_4.o
 .bss.xFreeBytesRemaining
                0x0000000020001da0        0x4 ./ThirdParty/FreeRTOS/portable/MemMang/heap_4.o
 .bss.xMinimumEverFreeBytesRemaining
                0x0000000020001da4        0x4 ./ThirdParty/FreeRTOS/portable/MemMang/heap_4.o
 .bss.xNumberOfSuccessfulAllocations
                0x0000000020001da8        0x4 ./ThirdParty/FreeRTOS/portable/MemMang/heap_4.o
 .bss.xNumberOfSuccessfulFrees
                0x0000000020001dac        0x4 ./ThirdParty/FreeRTOS/portable/MemMang/heap_4.o
 .bss.xBlockAllocatedBit
                0x0000000020001db0        0x4 ./ThirdParty/FreeRTOS/portable/MemMang/heap_4.o
 .bss._aTasks   0x0000000020001db4       0xa0 ./ThirdParty/SEGGER/OS/SEGGER_SYSVIEW_FreeRTOS.o
 .bss._NumTasks
                0x0000000020001e54        0x4 ./ThirdParty/SEGGER/OS/SEGGER_SYSVIEW_FreeRTOS.o
 .bss._cbOnRx   0x0000000020001e58        0x4 ./ThirdParty/SEGGER/Rec/segger_uart.o
 .bss._cbOnTx   0x0000000020001e5c        0x4 ./ThirdParty/SEGGER/Rec/segger_uart.o
 .bss._SEGGER_RTT
                0x0000000020001e60       0xa8 ./ThirdParty/SEGGER/SEGGER/SEGGER_RTT.o
                0x0000000020001e60                _SEGGER_RTT
 .bss._acUpBuffer
                0x0000000020001f08      0x400 ./ThirdParty/SEGGER/SEGGER/SEGGER_RTT.o
 .bss._acDownBuffer
                0x0000000020002308       0x10 ./ThirdParty/SEGGER/SEGGER/SEGGER_RTT.o
 .bss._UpBuffer
                0x0000000020002318     0x1000 ./ThirdParty/SEGGER/SEGGER/SEGGER_SYSVIEW.o
 .bss._DownBuffer
                0x0000000020003318        0x8 ./ThirdParty/SEGGER/SEGGER/SEGGER_SYSVIEW.o
 .bss._SYSVIEW_Globals
                0x0000000020003320       0x28 ./ThirdParty/SEGGER/SEGGER/SEGGER_SYSVIEW.o
 .bss._pFirstModule
                0x0000000020003348        0x4 ./ThirdParty/SEGGER/SEGGER/SEGGER_SYSVIEW.o
 .bss._NumModules
                0x000000002000334c        0x1 ./ThirdParty/SEGGER/SEGGER/SEGGER_SYSVIEW.o
 *fill*         0x000000002000334d        0x3 
 .bss._aPacket  0x0000000020003350       0xe3 ./ThirdParty/SEGGER/SEGGER/SEGGER_SYSVIEW.o
 *(COMMON)
                0x0000000020003434                . = ALIGN (0x4)
 *fill*         0x0000000020003433        0x1 
                0x0000000020003434                _ebss = .
                0x0000000020003434                __bss_end__ = _ebss

._user_heap_stack
                0x0000000020003434      0x604 load address 0x00000000080059b0
                0x0000000020003438                . = ALIGN (0x8)
 *fill*         0x0000000020003434        0x4 
                [!provide]                        PROVIDE (end = .)
                [!provide]                        PROVIDE (_end = .)
                0x0000000020003638                . = (. + _Min_Heap_Size)
 *fill*         0x0000000020003438      0x200 
                0x0000000020003a38                . = (. + _Min_Stack_Size)
 *fill*         0x0000000020003638      0x400 
                0x0000000020003a38                . = ALIGN (0x8)

/DISCARD/
 libc.a(*)
 libm.a(*)
 libgcc.a(*)

.ARM.attributes
                0x0000000000000000       0x29
 *(.ARM.attributes)
 .ARM.attributes
                0x0000000000000000       0x1d c:/st/stm32cubeide_1.4.0/stm32cubeide/plugins/com.st.stm32cube.ide.mcu.externaltools.gnu-tools-for-stm32.10.3-2021.10.win32_1.0.0.202111181127/tools/bin/../lib/gcc/arm-none-eabi/10.3.1/thumb/v7-m/nofp/crti.o
 .ARM.attributes
                0x000000000000001d       0x2d c:/st/stm32cubeide_1.4.0/stm32cubeide/plugins/com.st.stm32cube.ide.mcu.externaltools.gnu-tools-for-stm32.10.3-2021.10.win32_1.0.0.202111181127/tools/bin/../lib/gcc/arm-none-eabi/10.3.1/thumb/v7-m/nofp/crtbegin.o
 .ARM.attributes
                0x000000000000004a       0x2d ./Core/Src/main.o
 .ARM.attributes
                0x0000000000000077       0x2d ./Core/Src/stm32f1xx_hal_msp.o
 .ARM.attributes
                0x00000000000000a4       0x2d ./Core/Src/stm32f1xx_hal_timebase_tim.o
 .ARM.attributes
                0x00000000000000d1       0x2d ./Core/Src/stm32f1xx_it.o
 .ARM.attributes
                0x00000000000000fe       0x2d ./Core/Src/system_stm32f1xx.o
 .ARM.attributes
                0x000000000000012b       0x21 ./Core/Startup/startup_stm32f103c8tx.o
 .ARM.attributes
                0x000000000000014c       0x2d ./Drivers/STM32F1xx_HAL_Driver/Src/stm32f1xx_hal.o
 .ARM.attributes
                0x0000000000000179       0x2d ./Drivers/STM32F1xx_HAL_Driver/Src/stm32f1xx_hal_cortex.o
 .ARM.attributes
                0x00000000000001a6       0x2d ./Drivers/STM32F1xx_HAL_Driver/Src/stm32f1xx_hal_gpio.o
 .ARM.attributes
                0x00000000000001d3       0x2d ./Drivers/STM32F1xx_HAL_Driver/Src/stm32f1xx_hal_rcc.o
 .ARM.attributes
                0x0000000000000200       0x2d ./Drivers/STM32F1xx_HAL_Driver/Src/stm32f1xx_hal_tim.o
 .ARM.attributes
                0x000000000000022d       0x2d ./Drivers/STM32F1xx_HAL_Driver/Src/stm32f1xx_hal_tim_ex.o
 .ARM.attributes
                0x000000000000025a       0x2d ./ThirdParty/FreeRTOS/list.o
 .ARM.attributes
                0x0000000000000287       0x2d ./ThirdParty/FreeRTOS/tasks.o
 .ARM.attributes
                0x00000000000002b4       0x2d ./ThirdParty/FreeRTOS/portable/GCC/ARM_CM3/port.o
 .ARM.attributes
                0x00000000000002e1       0x2d ./ThirdParty/FreeRTOS/portable/MemMang/heap_4.o
 .ARM.attributes
                0x000000000000030e       0x2d ./ThirdParty/SEGGER/Config/SEGGER_SYSVIEW_Config_FreeRTOS.o
 .ARM.attributes
                0x000000000000033b       0x2d ./ThirdParty/SEGGER/OS/SEGGER_SYSVIEW_FreeRTOS.o
 .ARM.attributes
                0x0000000000000368       0x2d ./ThirdParty/SEGGER/Rec/segger_uart.o
 .ARM.attributes
                0x0000000000000395       0x2d ./ThirdParty/SEGGER/SEGGER/SEGGER_RTT.o
 .ARM.attributes
                0x00000000000003c2       0x1b ./ThirdParty/SEGGER/SEGGER/SEGGER_RTT_ASM_ARMv7M.o
 .ARM.attributes
                0x00000000000003dd       0x2d ./ThirdParty/SEGGER/SEGGER/SEGGER_SYSVIEW.o
 .ARM.attributes
                0x000000000000040a       0x2d c:/st/stm32cubeide_1.4.0/stm32cubeide/plugins/com.st.stm32cube.ide.mcu.externaltools.gnu-tools-for-stm32.10.3-2021.10.win32_1.0.0.202111181127/tools/bin/../lib/gcc/arm-none-eabi/10.3.1/../../../../arm-none-eabi/lib/thumb/v7-m/nofp\libc_nano.a(lib_a-init.o)
 .ARM.attributes
                0x0000000000000437       0x2d c:/st/stm32cubeide_1.4.0/stm32cubeide/plugins/com.st.stm32cube.ide.mcu.externaltools.gnu-tools-for-stm32.10.3-2021.10.win32_1.0.0.202111181127/tools/bin/../lib/gcc/arm-none-eabi/10.3.1/../../../../arm-none-eabi/lib/thumb/v7-m/nofp\libc_nano.a(lib_a-memcmp.o)
 .ARM.attributes
                0x0000000000000464       0x2d c:/st/stm32cubeide_1.4.0/stm32cubeide/plugins/com.st.stm32cube.ide.mcu.externaltools.gnu-tools-for-stm32.10.3-2021.10.win32_1.0.0.202111181127/tools/bin/../lib/gcc/arm-none-eabi/10.3.1/../../../../arm-none-eabi/lib/thumb/v7-m/nofp\libc_nano.a(lib_a-memcpy-stub.o)
 .ARM.attributes
                0x0000000000000491       0x2d c:/st/stm32cubeide_1.4.0/stm32cubeide/plugins/com.st.stm32cube.ide.mcu.externaltools.gnu-tools-for-stm32.10.3-2021.10.win32_1.0.0.202111181127/tools/bin/../lib/gcc/arm-none-eabi/10.3.1/../../../../arm-none-eabi/lib/thumb/v7-m/nofp\libc_nano.a(lib_a-memset.o)
 .ARM.attributes
                0x00000000000004be       0x1d c:/st/stm32cubeide_1.4.0/stm32cubeide/plugins/com.st.stm32cube.ide.mcu.externaltools.gnu-tools-for-stm32.10.3-2021.10.win32_1.0.0.202111181127/tools/bin/../lib/gcc/arm-none-eabi/10.3.1/thumb/v7-m/nofp/crtn.o
OUTPUT(FreeRTOS_Project.elf elf32-littlearm)
LOAD linker stubs
LOAD c:/st/stm32cubeide_1.4.0/stm32cubeide/plugins/com.st.stm32cube.ide.mcu.externaltools.gnu-tools-for-stm32.10.3-2021.10.win32_1.0.0.202111181127/tools/bin/../lib/gcc/arm-none-eabi/10.3.1/../../../../arm-none-eabi/lib/thumb/v7-m/nofp\libc.a
LOAD c:/st/stm32cubeide_1.4.0/stm32cubeide/plugins/com.st.stm32cube.ide.mcu.externaltools.gnu-tools-for-stm32.10.3-2021.10.win32_1.0.0.202111181127/tools/bin/../lib/gcc/arm-none-eabi/10.3.1/../../../../arm-none-eabi/lib/thumb/v7-m/nofp\libm.a
LOAD c:/st/stm32cubeide_1.4.0/stm32cubeide/plugins/com.st.stm32cube.ide.mcu.externaltools.gnu-tools-for-stm32.10.3-2021.10.win32_1.0.0.202111181127/tools/bin/../lib/gcc/arm-none-eabi/10.3.1/thumb/v7-m/nofp\libgcc.a

.debug_info     0x0000000000000000    0x1099c
 .debug_info    0x0000000000000000      0xe83 ./Core/Src/main.o
 .debug_info    0x0000000000000e83      0x18f ./Core/Src/stm32f1xx_hal_msp.o
 .debug_info    0x0000000000001012      0x951 ./Core/Src/stm32f1xx_hal_timebase_tim.o
 .debug_info    0x0000000000001963      0x64e ./Core/Src/stm32f1xx_it.o
 .debug_info    0x0000000000001fb1      0x3f8 ./Core/Src/system_stm32f1xx.o
 .debug_info    0x00000000000023a9       0x22 ./Core/Startup/startup_stm32f103c8tx.o
 .debug_info    0x00000000000023cb      0x71c ./Drivers/STM32F1xx_HAL_Driver/Src/stm32f1xx_hal.o
 .debug_info    0x0000000000002ae7      0xb20 ./Drivers/STM32F1xx_HAL_Driver/Src/stm32f1xx_hal_cortex.o
 .debug_info    0x0000000000003607      0x605 ./Drivers/STM32F1xx_HAL_Driver/Src/stm32f1xx_hal_gpio.o
 .debug_info    0x0000000000003c0c      0x860 ./Drivers/STM32F1xx_HAL_Driver/Src/stm32f1xx_hal_rcc.o
 .debug_info    0x000000000000446c     0x2619 ./Drivers/STM32F1xx_HAL_Driver/Src/stm32f1xx_hal_tim.o
 .debug_info    0x0000000000006a85     0x123d ./Drivers/STM32F1xx_HAL_Driver/Src/stm32f1xx_hal_tim_ex.o
 .debug_info    0x0000000000007cc2      0x2d1 ./ThirdParty/FreeRTOS/list.o
 .debug_info    0x0000000000007f93     0x249a ./ThirdParty/FreeRTOS/tasks.o
 .debug_info    0x000000000000a42d      0x53e ./ThirdParty/FreeRTOS/portable/GCC/ARM_CM3/port.o
 .debug_info    0x000000000000a96b      0x50b ./ThirdParty/FreeRTOS/portable/MemMang/heap_4.o
 .debug_info    0x000000000000ae76      0x181 ./ThirdParty/SEGGER/Config/SEGGER_SYSVIEW_Config_FreeRTOS.o
 .debug_info    0x000000000000aff7      0x43d ./ThirdParty/SEGGER/OS/SEGGER_SYSVIEW_FreeRTOS.o
 .debug_info    0x000000000000b434      0x831 ./ThirdParty/SEGGER/Rec/segger_uart.o
 .debug_info    0x000000000000bc65     0x14ff ./ThirdParty/SEGGER/SEGGER/SEGGER_RTT.o
 .debug_info    0x000000000000d164       0x26 ./ThirdParty/SEGGER/SEGGER/SEGGER_RTT_ASM_ARMv7M.o
 .debug_info    0x000000000000d18a     0x3812 ./ThirdParty/SEGGER/SEGGER/SEGGER_SYSVIEW.o

.debug_abbrev   0x0000000000000000     0x2a24
 .debug_abbrev  0x0000000000000000      0x302 ./Core/Src/main.o
 .debug_abbrev  0x0000000000000302       0xd5 ./Core/Src/stm32f1xx_hal_msp.o
 .debug_abbrev  0x00000000000003d7      0x1e6 ./Core/Src/stm32f1xx_hal_timebase_tim.o
 .debug_abbrev  0x00000000000005bd      0x19e ./Core/Src/stm32f1xx_it.o
 .debug_abbrev  0x000000000000075b      0x13b ./Core/Src/system_stm32f1xx.o
 .debug_abbrev  0x0000000000000896       0x12 ./Core/Startup/startup_stm32f103c8tx.o
 .debug_abbrev  0x00000000000008a8      0x20e ./Drivers/STM32F1xx_HAL_Driver/Src/stm32f1xx_hal.o
 .debug_abbrev  0x0000000000000ab6      0x2ed ./Drivers/STM32F1xx_HAL_Driver/Src/stm32f1xx_hal_cortex.o
 .debug_abbrev  0x0000000000000da3      0x1bb ./Drivers/STM32F1xx_HAL_Driver/Src/stm32f1xx_hal_gpio.o
 .debug_abbrev  0x0000000000000f5e      0x2a8 ./Drivers/STM32F1xx_HAL_Driver/Src/stm32f1xx_hal_rcc.o
 .debug_abbrev  0x0000000000001206      0x25d ./Drivers/STM32F1xx_HAL_Driver/Src/stm32f1xx_hal_tim.o
 .debug_abbrev  0x0000000000001463      0x24b ./Drivers/STM32F1xx_HAL_Driver/Src/stm32f1xx_hal_tim_ex.o
 .debug_abbrev  0x00000000000016ae       0xf2 ./ThirdParty/FreeRTOS/list.o
 .debug_abbrev  0x00000000000017a0      0x38a ./ThirdParty/FreeRTOS/tasks.o
 .debug_abbrev  0x0000000000001b2a      0x257 ./ThirdParty/FreeRTOS/portable/GCC/ARM_CM3/port.o
 .debug_abbrev  0x0000000000001d81      0x212 ./ThirdParty/FreeRTOS/portable/MemMang/heap_4.o
 .debug_abbrev  0x0000000000001f93       0xdd ./ThirdParty/SEGGER/Config/SEGGER_SYSVIEW_Config_FreeRTOS.o
 .debug_abbrev  0x0000000000002070      0x19e ./ThirdParty/SEGGER/OS/SEGGER_SYSVIEW_FreeRTOS.o
 .debug_abbrev  0x000000000000220e      0x27b ./ThirdParty/SEGGER/Rec/segger_uart.o
 .debug_abbrev  0x0000000000002489      0x24e ./ThirdParty/SEGGER/SEGGER/SEGGER_RTT.o
 .debug_abbrev  0x00000000000026d7       0x14 ./ThirdParty/SEGGER/SEGGER/SEGGER_RTT_ASM_ARMv7M.o
 .debug_abbrev  0x00000000000026eb      0x339 ./ThirdParty/SEGGER/SEGGER/SEGGER_SYSVIEW.o

.debug_aranges  0x0000000000000000     0x10e8
 .debug_aranges
                0x0000000000000000       0x60 ./Core/Src/main.o
 .debug_aranges
                0x0000000000000060       0x20 ./Core/Src/stm32f1xx_hal_msp.o
 .debug_aranges
                0x0000000000000080       0x30 ./Core/Src/stm32f1xx_hal_timebase_tim.o
 .debug_aranges
                0x00000000000000b0       0x58 ./Core/Src/stm32f1xx_it.o
 .debug_aranges
                0x0000000000000108       0x28 ./Core/Src/system_stm32f1xx.o
 .debug_aranges
                0x0000000000000130       0x28 ./Core/Startup/startup_stm32f103c8tx.o
 .debug_aranges
                0x0000000000000158       0xe0 ./Drivers/STM32F1xx_HAL_Driver/Src/stm32f1xx_hal.o
 .debug_aranges
                0x0000000000000238      0x100 ./Drivers/STM32F1xx_HAL_Driver/Src/stm32f1xx_hal_cortex.o
 .debug_aranges
                0x0000000000000338       0x58 ./Drivers/STM32F1xx_HAL_Driver/Src/stm32f1xx_hal_gpio.o
 .debug_aranges
                0x0000000000000390       0x90 ./Drivers/STM32F1xx_HAL_Driver/Src/stm32f1xx_hal_rcc.o
 .debug_aranges
                0x0000000000000420      0x3a8 ./Drivers/STM32F1xx_HAL_Driver/Src/stm32f1xx_hal_tim.o
 .debug_aranges
                0x00000000000007c8      0x150 ./Drivers/STM32F1xx_HAL_Driver/Src/stm32f1xx_hal_tim_ex.o
 .debug_aranges
                0x0000000000000918       0x40 ./ThirdParty/FreeRTOS/list.o
 .debug_aranges
                0x0000000000000958      0x208 ./ThirdParty/FreeRTOS/tasks.o
 .debug_aranges
                0x0000000000000b60       0x80 ./ThirdParty/FreeRTOS/portable/GCC/ARM_CM3/port.o
 .debug_aranges
                0x0000000000000be0       0x58 ./ThirdParty/FreeRTOS/portable/MemMang/heap_4.o
 .debug_aranges
                0x0000000000000c38       0x28 ./ThirdParty/SEGGER/Config/SEGGER_SYSVIEW_Config_FreeRTOS.o
 .debug_aranges
                0x0000000000000c60       0x48 ./ThirdParty/SEGGER/OS/SEGGER_SYSVIEW_FreeRTOS.o
 .debug_aranges
                0x0000000000000ca8       0x68 ./ThirdParty/SEGGER/Rec/segger_uart.o
 .debug_aranges
                0x0000000000000d10      0x138 ./ThirdParty/SEGGER/SEGGER/SEGGER_RTT.o
 .debug_aranges
                0x0000000000000e48       0x20 ./ThirdParty/SEGGER/SEGGER/SEGGER_RTT_ASM_ARMv7M.o
 .debug_aranges
                0x0000000000000e68      0x280 ./ThirdParty/SEGGER/SEGGER/SEGGER_SYSVIEW.o

.debug_ranges   0x0000000000000000      0xf80
 .debug_ranges  0x0000000000000000       0x50 ./Core/Src/main.o
 .debug_ranges  0x0000000000000050       0x10 ./Core/Src/stm32f1xx_hal_msp.o
 .debug_ranges  0x0000000000000060       0x20 ./Core/Src/stm32f1xx_hal_timebase_tim.o
 .debug_ranges  0x0000000000000080       0x48 ./Core/Src/stm32f1xx_it.o
 .debug_ranges  0x00000000000000c8       0x18 ./Core/Src/system_stm32f1xx.o
 .debug_ranges  0x00000000000000e0       0x20 ./Core/Startup/startup_stm32f103c8tx.o
 .debug_ranges  0x0000000000000100       0xd0 ./Drivers/STM32F1xx_HAL_Driver/Src/stm32f1xx_hal.o
 .debug_ranges  0x00000000000001d0       0xf0 ./Drivers/STM32F1xx_HAL_Driver/Src/stm32f1xx_hal_cortex.o
 .debug_ranges  0x00000000000002c0       0x48 ./Drivers/STM32F1xx_HAL_Driver/Src/stm32f1xx_hal_gpio.o
 .debug_ranges  0x0000000000000308       0x80 ./Drivers/STM32F1xx_HAL_Driver/Src/stm32f1xx_hal_rcc.o
 .debug_ranges  0x0000000000000388      0x398 ./Drivers/STM32F1xx_HAL_Driver/Src/stm32f1xx_hal_tim.o
 .debug_ranges  0x0000000000000720      0x140 ./Drivers/STM32F1xx_HAL_Driver/Src/stm32f1xx_hal_tim_ex.o
 .debug_ranges  0x0000000000000860       0x30 ./ThirdParty/FreeRTOS/list.o
 .debug_ranges  0x0000000000000890      0x1f8 ./ThirdParty/FreeRTOS/tasks.o
 .debug_ranges  0x0000000000000a88       0x70 ./ThirdParty/FreeRTOS/portable/GCC/ARM_CM3/port.o
 .debug_ranges  0x0000000000000af8       0x48 ./ThirdParty/FreeRTOS/portable/MemMang/heap_4.o
 .debug_ranges  0x0000000000000b40       0x18 ./ThirdParty/SEGGER/Config/SEGGER_SYSVIEW_Config_FreeRTOS.o
 .debug_ranges  0x0000000000000b58       0x38 ./ThirdParty/SEGGER/OS/SEGGER_SYSVIEW_FreeRTOS.o
 .debug_ranges  0x0000000000000b90       0x58 ./ThirdParty/SEGGER/Rec/segger_uart.o
 .debug_ranges  0x0000000000000be8      0x128 ./ThirdParty/SEGGER/SEGGER/SEGGER_RTT.o
 .debug_ranges  0x0000000000000d10      0x270 ./ThirdParty/SEGGER/SEGGER/SEGGER_SYSVIEW.o

.debug_macro    0x0000000000000000    0x16999
 .debug_macro   0x0000000000000000      0x3bf ./Core/Src/main.o
 .debug_macro   0x00000000000003bf      0xa6c ./Core/Src/main.o
 .debug_macro   0x0000000000000e2b      0x215 ./Core/Src/main.o
 .debug_macro   0x0000000000001040       0x2e ./Core/Src/main.o
 .debug_macro   0x000000000000106e       0x22 ./Core/Src/main.o
 .debug_macro   0x0000000000001090       0x22 ./Core/Src/main.o
 .debug_macro   0x00000000000010b2       0x8e ./Core/Src/main.o
 .debug_macro   0x0000000000001140       0x51 ./Core/Src/main.o
 .debug_macro   0x0000000000001191      0x103 ./Core/Src/main.o
 .debug_macro   0x0000000000001294       0x6a ./Core/Src/main.o
 .debug_macro   0x00000000000012fe      0x1df ./Core/Src/main.o
 .debug_macro   0x00000000000014dd       0x1c ./Core/Src/main.o
 .debug_macro   0x00000000000014f9       0x22 ./Core/Src/main.o
 .debug_macro   0x000000000000151b       0xbd ./Core/Src/main.o
 .debug_macro   0x00000000000015d8      0xd23 ./Core/Src/main.o
 .debug_macro   0x00000000000022fb     0xe09e ./Core/Src/main.o
 .debug_macro   0x0000000000010399       0x43 ./Core/Src/main.o
 .debug_macro   0x00000000000103dc      0x174 ./Core/Src/main.o
 .debug_macro   0x0000000000010550       0x5a ./Core/Src/main.o
 .debug_macro   0x00000000000105aa      0x5be ./Core/Src/main.o
 .debug_macro   0x0000000000010b68      0x289 ./Core/Src/main.o
 .debug_macro   0x0000000000010df1      0x1cb ./Core/Src/main.o
 .debug_macro   0x0000000000010fbc      0x114 ./Core/Src/main.o
 .debug_macro   0x00000000000110d0      0x1b2 ./Core/Src/main.o
 .debug_macro   0x0000000000011282       0x27 ./Core/Src/main.o
 .debug_macro   0x00000000000112a9      0x136 ./Core/Src/main.o
 .debug_macro   0x00000000000113df      0x1bc ./Core/Src/main.o
 .debug_macro   0x000000000001159b       0x34 ./Core/Src/main.o
 .debug_macro   0x00000000000115cf       0x3c ./Core/Src/main.o
 .debug_macro   0x000000000001160b       0x57 ./Core/Src/main.o
 .debug_macro   0x0000000000011662       0x88 ./Core/Src/main.o
 .debug_macro   0x00000000000116ea      0x241 ./Core/Src/main.o
 .debug_macro   0x000000000001192b      0x141 ./Core/Src/main.o
 .debug_macro   0x0000000000011a6c      0x88b ./Core/Src/main.o
 .debug_macro   0x00000000000122f7       0x83 ./Core/Src/main.o
 .debug_macro   0x000000000001237a      0x118 ./Core/Src/main.o
 .debug_macro   0x0000000000012492       0x58 ./Core/Src/main.o
 .debug_macro   0x00000000000124ea       0x46 ./Core/Src/main.o
 .debug_macro   0x0000000000012530       0x64 ./Core/Src/main.o
 .debug_macro   0x0000000000012594       0x16 ./Core/Src/main.o
 .debug_macro   0x00000000000125aa       0x49 ./Core/Src/main.o
 .debug_macro   0x00000000000125f3       0xbc ./Core/Src/main.o
 .debug_macro   0x00000000000126af      0x204 ./Core/Src/main.o
 .debug_macro   0x00000000000128b3      0x450 ./Core/Src/main.o
 .debug_macro   0x0000000000012d03      0x15a ./Core/Src/main.o
 .debug_macro   0x0000000000012e5d       0xea ./Core/Src/main.o
 .debug_macro   0x0000000000012f47       0x1c ./Core/Src/main.o
 .debug_macro   0x0000000000012f63       0x26 ./Core/Src/main.o
 .debug_macro   0x0000000000012f89      0x3c9 ./Core/Src/main.o
 .debug_macro   0x0000000000013352       0xb5 ./Core/Src/main.o
 .debug_macro   0x0000000000013407      0x120 ./Core/Src/main.o
 .debug_macro   0x0000000000013527       0x52 ./Core/Src/main.o
 .debug_macro   0x0000000000013579       0x18 ./Core/Src/main.o
 .debug_macro   0x0000000000013591       0x3c ./Core/Src/main.o
 .debug_macro   0x00000000000135cd       0x34 ./Core/Src/main.o
 .debug_macro   0x0000000000013601       0x16 ./Core/Src/main.o
 .debug_macro   0x0000000000013617       0x35 ./Core/Src/main.o
 .debug_macro   0x000000000001364c      0x341 ./Core/Src/main.o
 .debug_macro   0x000000000001398d       0x16 ./Core/Src/main.o
 .debug_macro   0x00000000000139a3       0x43 ./Core/Src/main.o
 .debug_macro   0x00000000000139e6       0x34 ./Core/Src/main.o
 .debug_macro   0x0000000000013a1a       0x10 ./Core/Src/main.o
 .debug_macro   0x0000000000013a2a       0x58 ./Core/Src/main.o
 .debug_macro   0x0000000000013a82       0x71 ./Core/Src/main.o
 .debug_macro   0x0000000000013af3       0x1c ./Core/Src/main.o
 .debug_macro   0x0000000000013b0f      0x12a ./Core/Src/main.o
 .debug_macro   0x0000000000013c39       0x10 ./Core/Src/main.o
 .debug_macro   0x0000000000013c49       0x1c ./Core/Src/main.o
 .debug_macro   0x0000000000013c65       0x52 ./Core/Src/main.o
 .debug_macro   0x0000000000013cb7       0x22 ./Core/Src/main.o
 .debug_macro   0x0000000000013cd9       0x10 ./Core/Src/main.o
 .debug_macro   0x0000000000013ce9       0x52 ./Core/Src/main.o
 .debug_macro   0x0000000000013d3b       0xd5 ./Core/Src/main.o
 .debug_macro   0x0000000000013e10       0x1c ./Core/Src/main.o
 .debug_macro   0x0000000000013e2c       0x3d ./Core/Src/main.o
 .debug_macro   0x0000000000013e69       0x16 ./Core/Src/main.o
 .debug_macro   0x0000000000013e7f      0x145 ./Core/Src/main.o
 .debug_macro   0x0000000000013fc4      0x24b ./Core/Src/stm32f1xx_hal_msp.o
 .debug_macro   0x000000000001420f      0x190 ./Core/Src/stm32f1xx_hal_timebase_tim.o
 .debug_macro   0x000000000001439f      0x1a4 ./Core/Src/stm32f1xx_it.o
 .debug_macro   0x0000000000014543      0x196 ./Core/Src/system_stm32f1xx.o
 .debug_macro   0x00000000000146d9      0x1b4 ./Drivers/STM32F1xx_HAL_Driver/Src/stm32f1xx_hal.o
 .debug_macro   0x000000000001488d      0x190 ./Drivers/STM32F1xx_HAL_Driver/Src/stm32f1xx_hal_cortex.o
 .debug_macro   0x0000000000014a1d      0x1fb ./Drivers/STM32F1xx_HAL_Driver/Src/stm32f1xx_hal_gpio.o
 .debug_macro   0x0000000000014c18      0x1a2 ./Drivers/STM32F1xx_HAL_Driver/Src/stm32f1xx_hal_rcc.o
 .debug_macro   0x0000000000014dba      0x191 ./Drivers/STM32F1xx_HAL_Driver/Src/stm32f1xx_hal_tim.o
 .debug_macro   0x0000000000014f4b      0x190 ./Drivers/STM32F1xx_HAL_Driver/Src/stm32f1xx_hal_tim_ex.o
 .debug_macro   0x00000000000150db      0x1f4 ./ThirdParty/FreeRTOS/list.o
 .debug_macro   0x00000000000152cf      0x2e1 ./ThirdParty/FreeRTOS/tasks.o
 .debug_macro   0x00000000000155b0       0x10 ./ThirdParty/FreeRTOS/tasks.o
 .debug_macro   0x00000000000155c0      0x1d3 ./ThirdParty/FreeRTOS/portable/GCC/ARM_CM3/port.o
 .debug_macro   0x0000000000015793      0x20f ./ThirdParty/FreeRTOS/portable/MemMang/heap_4.o
 .debug_macro   0x00000000000159a2      0x137 ./ThirdParty/SEGGER/Config/SEGGER_SYSVIEW_Config_FreeRTOS.o
 .debug_macro   0x0000000000015ad9      0x203 ./ThirdParty/SEGGER/OS/SEGGER_SYSVIEW_FreeRTOS.o
 .debug_macro   0x0000000000015cdc      0x382 ./ThirdParty/SEGGER/Rec/segger_uart.o
 .debug_macro   0x000000000001605e       0x3a ./ThirdParty/SEGGER/Rec/segger_uart.o
 .debug_macro   0x0000000000016098      0x138 ./ThirdParty/SEGGER/Rec/segger_uart.o
 .debug_macro   0x00000000000161d0       0x54 ./ThirdParty/SEGGER/Rec/segger_uart.o
 .debug_macro   0x0000000000016224      0x1bd ./ThirdParty/SEGGER/SEGGER/SEGGER_RTT.o
 .debug_macro   0x00000000000163e1       0x34 ./ThirdParty/SEGGER/SEGGER/SEGGER_RTT.o
 .debug_macro   0x0000000000016415      0x212 ./ThirdParty/SEGGER/SEGGER/SEGGER_SYSVIEW.o
 .debug_macro   0x0000000000016627      0x204 ./ThirdParty/SEGGER/SEGGER/SEGGER_SYSVIEW.o
 .debug_macro   0x000000000001682b      0x16e ./ThirdParty/SEGGER/SEGGER/SEGGER_SYSVIEW.o

.debug_line     0x0000000000000000    0x1163a
 .debug_line    0x0000000000000000      0xd4a ./Core/Src/main.o
 .debug_line    0x0000000000000d4a      0x96c ./Core/Src/stm32f1xx_hal_msp.o
 .debug_line    0x00000000000016b6      0x68f ./Core/Src/stm32f1xx_hal_timebase_tim.o
 .debug_line    0x0000000000001d45      0x6ca ./Core/Src/stm32f1xx_it.o
 .debug_line    0x000000000000240f      0x6b0 ./Core/Src/system_stm32f1xx.o
 .debug_line    0x0000000000002abf       0x84 ./Core/Startup/startup_stm32f103c8tx.o
 .debug_line    0x0000000000002b43      0x8ba ./Drivers/STM32F1xx_HAL_Driver/Src/stm32f1xx_hal.o
 .debug_line    0x00000000000033fd      0xaa8 ./Drivers/STM32F1xx_HAL_Driver/Src/stm32f1xx_hal_cortex.o
 .debug_line    0x0000000000003ea5      0x95a ./Drivers/STM32F1xx_HAL_Driver/Src/stm32f1xx_hal_gpio.o
 .debug_line    0x00000000000047ff      0xcce ./Drivers/STM32F1xx_HAL_Driver/Src/stm32f1xx_hal_rcc.o
 .debug_line    0x00000000000054cd     0x2713 ./Drivers/STM32F1xx_HAL_Driver/Src/stm32f1xx_hal_tim.o
 .debug_line    0x0000000000007be0     0x10b9 ./Drivers/STM32F1xx_HAL_Driver/Src/stm32f1xx_hal_tim_ex.o
 .debug_line    0x0000000000008c99      0x944 ./ThirdParty/FreeRTOS/list.o
 .debug_line    0x00000000000095dd     0x1fe1 ./ThirdParty/FreeRTOS/tasks.o
 .debug_line    0x000000000000b5be      0xa40 ./ThirdParty/FreeRTOS/portable/GCC/ARM_CM3/port.o
 .debug_line    0x000000000000bffe      0xb8e ./ThirdParty/FreeRTOS/portable/MemMang/heap_4.o
 .debug_line    0x000000000000cb8c      0x722 ./ThirdParty/SEGGER/Config/SEGGER_SYSVIEW_Config_FreeRTOS.o
 .debug_line    0x000000000000d2ae      0xa2e ./ThirdParty/SEGGER/OS/SEGGER_SYSVIEW_FreeRTOS.o
 .debug_line    0x000000000000dcdc      0xabf ./ThirdParty/SEGGER/Rec/segger_uart.o
 .debug_line    0x000000000000e79b      0xe7e ./ThirdParty/SEGGER/SEGGER/SEGGER_RTT.o
 .debug_line    0x000000000000f619       0x9e ./ThirdParty/SEGGER/SEGGER/SEGGER_RTT_ASM_ARMv7M.o
 .debug_line    0x000000000000f6b7     0x1f83 ./ThirdParty/SEGGER/SEGGER/SEGGER_SYSVIEW.o

.debug_str      0x0000000000000000    0x7cf12
 .debug_str     0x0000000000000000    0x75bd6 ./Core/Src/main.o
                                      0x75fbc (size before relaxing)
 .debug_str     0x0000000000075bd6       0x40 ./Core/Src/stm32f1xx_hal_msp.o
                                      0x6fd21 (size before relaxing)
 .debug_str     0x0000000000075c16      0x107 ./Core/Src/stm32f1xx_hal_timebase_tim.o
                                      0x6944c (size before relaxing)
 .debug_str     0x0000000000075d1d       0xe3 ./Core/Src/stm32f1xx_it.o
                                      0x69079 (size before relaxing)
 .debug_str     0x0000000000075e00       0xf8 ./Core/Src/system_stm32f1xx.o
                                      0x68d00 (size before relaxing)
 .debug_str     0x0000000000075ef8       0x36 ./Core/Startup/startup_stm32f103c8tx.o
                                         0x80 (size before relaxing)
 .debug_str     0x0000000000075f2e      0x3fa ./Drivers/STM32F1xx_HAL_Driver/Src/stm32f1xx_hal.o
                                      0x693ac (size before relaxing)
 .debug_str     0x0000000000076328      0x270 ./Drivers/STM32F1xx_HAL_Driver/Src/stm32f1xx_hal_cortex.o
                                      0x69305 (size before relaxing)
 .debug_str     0x0000000000076598      0x2ee ./Drivers/STM32F1xx_HAL_Driver/Src/stm32f1xx_hal_gpio.o
                                      0x6900c (size before relaxing)
 .debug_str     0x0000000000076886      0x207 ./Drivers/STM32F1xx_HAL_Driver/Src/stm32f1xx_hal_rcc.o
                                      0x690b5 (size before relaxing)
 .debug_str     0x0000000000076a8d      0xe2c ./Drivers/STM32F1xx_HAL_Driver/Src/stm32f1xx_hal_tim.o
                                      0x69e99 (size before relaxing)
 .debug_str     0x00000000000778b9      0x512 ./Drivers/STM32F1xx_HAL_Driver/Src/stm32f1xx_hal_tim_ex.o
                                      0x696e2 (size before relaxing)
 .debug_str     0x0000000000077dcb      0x265 ./ThirdParty/FreeRTOS/list.o
                                       0xe788 (size before relaxing)
 .debug_str     0x0000000000078030     0x1ff1 ./ThirdParty/FreeRTOS/tasks.o
                                      0x11b06 (size before relaxing)
 .debug_str     0x000000000007a021      0x653 ./ThirdParty/FreeRTOS/portable/GCC/ARM_CM3/port.o
                                       0xd1ec (size before relaxing)
 .debug_str     0x000000000007a674      0x319 ./ThirdParty/FreeRTOS/portable/MemMang/heap_4.o
                                       0xfc51 (size before relaxing)
 .debug_str     0x000000000007a98d      0x1b9 ./ThirdParty/SEGGER/Config/SEGGER_SYSVIEW_Config_FreeRTOS.o
                                       0xb181 (size before relaxing)
 .debug_str     0x000000000007ab46       0xf6 ./ThirdParty/SEGGER/OS/SEGGER_SYSVIEW_FreeRTOS.o
                                       0xf9c9 (size before relaxing)
 .debug_str     0x000000000007ac3c      0xe5d ./ThirdParty/SEGGER/Rec/segger_uart.o
                                      0x6e68c (size before relaxing)
 .debug_str     0x000000000007ba99      0x72e ./ThirdParty/SEGGER/SEGGER/SEGGER_RTT.o
                                       0x771f (size before relaxing)
 .debug_str     0x000000000007c1c7       0x34 ./ThirdParty/SEGGER/SEGGER/SEGGER_RTT_ASM_ARMv7M.o
                                         0x8c (size before relaxing)
 .debug_str     0x000000000007c1fb      0xd17 ./ThirdParty/SEGGER/SEGGER/SEGGER_SYSVIEW.o
                                       0x9750 (size before relaxing)

.comment        0x0000000000000000       0x50
 .comment       0x0000000000000000       0x50 ./Core/Src/main.o
                                         0x51 (size before relaxing)
 .comment       0x0000000000000050       0x51 ./Core/Src/stm32f1xx_hal_msp.o
 .comment       0x0000000000000050       0x51 ./Core/Src/stm32f1xx_hal_timebase_tim.o
 .comment       0x0000000000000050       0x51 ./Core/Src/stm32f1xx_it.o
 .comment       0x0000000000000050       0x51 ./Core/Src/system_stm32f1xx.o
 .comment       0x0000000000000050       0x51 ./Drivers/STM32F1xx_HAL_Driver/Src/stm32f1xx_hal.o
 .comment       0x0000000000000050       0x51 ./Drivers/STM32F1xx_HAL_Driver/Src/stm32f1xx_hal_cortex.o
 .comment       0x0000000000000050       0x51 ./Drivers/STM32F1xx_HAL_Driver/Src/stm32f1xx_hal_gpio.o
 .comment       0x0000000000000050       0x51 ./Drivers/STM32F1xx_HAL_Driver/Src/stm32f1xx_hal_rcc.o
 .comment       0x0000000000000050       0x51 ./Drivers/STM32F1xx_HAL_Driver/Src/stm32f1xx_hal_tim.o
 .comment       0x0000000000000050       0x51 ./Drivers/STM32F1xx_HAL_Driver/Src/stm32f1xx_hal_tim_ex.o
 .comment       0x0000000000000050       0x51 ./ThirdParty/FreeRTOS/list.o
 .comment       0x0000000000000050       0x51 ./ThirdParty/FreeRTOS/tasks.o
 .comment       0x0000000000000050       0x51 ./ThirdParty/FreeRTOS/portable/GCC/ARM_CM3/port.o
 .comment       0x0000000000000050       0x51 ./ThirdParty/FreeRTOS/portable/MemMang/heap_4.o
 .comment       0x0000000000000050       0x51 ./ThirdParty/SEGGER/Config/SEGGER_SYSVIEW_Config_FreeRTOS.o
 .comment       0x0000000000000050       0x51 ./ThirdParty/SEGGER/OS/SEGGER_SYSVIEW_FreeRTOS.o
 .comment       0x0000000000000050       0x51 ./ThirdParty/SEGGER/Rec/segger_uart.o
 .comment       0x0000000000000050       0x51 ./ThirdParty/SEGGER/SEGGER/SEGGER_RTT.o
 .comment       0x0000000000000050       0x51 ./ThirdParty/SEGGER/SEGGER/SEGGER_SYSVIEW.o

.debug_frame    0x0000000000000000     0x4598
 .debug_frame   0x0000000000000000      0x138 ./Core/Src/main.o
 .debug_frame   0x0000000000000138       0x34 ./Core/Src/stm32f1xx_hal_msp.o
 .debug_frame   0x000000000000016c       0x74 ./Core/Src/stm32f1xx_hal_timebase_tim.o
 .debug_frame   0x00000000000001e0       0xe0 ./Core/Src/stm32f1xx_it.o
 .debug_frame   0x00000000000002c0       0x58 ./Core/Src/system_stm32f1xx.o
 .debug_frame   0x0000000000000318      0x334 ./Drivers/STM32F1xx_HAL_Driver/Src/stm32f1xx_hal.o
 .debug_frame   0x000000000000064c      0x428 ./Drivers/STM32F1xx_HAL_Driver/Src/stm32f1xx_hal_cortex.o
 .debug_frame   0x0000000000000a74      0x14c ./Drivers/STM32F1xx_HAL_Driver/Src/stm32f1xx_hal_gpio.o
 .debug_frame   0x0000000000000bc0      0x21c ./Drivers/STM32F1xx_HAL_Driver/Src/stm32f1xx_hal_rcc.o
 .debug_frame   0x0000000000000ddc     0x10e8 ./Drivers/STM32F1xx_HAL_Driver/Src/stm32f1xx_hal_tim.o
 .debug_frame   0x0000000000001ec4      0x5c0 ./Drivers/STM32F1xx_HAL_Driver/Src/stm32f1xx_hal_tim_ex.o
 .debug_frame   0x0000000000002484       0xd8 ./ThirdParty/FreeRTOS/list.o
 .debug_frame   0x000000000000255c      0x8fc ./ThirdParty/FreeRTOS/tasks.o
 .debug_frame   0x0000000000002e58      0x1c0 ./ThirdParty/FreeRTOS/portable/GCC/ARM_CM3/port.o
 .debug_frame   0x0000000000003018      0x12c ./ThirdParty/FreeRTOS/portable/MemMang/heap_4.o
 .debug_frame   0x0000000000003144       0x48 ./ThirdParty/SEGGER/Config/SEGGER_SYSVIEW_Config_FreeRTOS.o
 .debug_frame   0x000000000000318c      0x104 ./ThirdParty/SEGGER/OS/SEGGER_SYSVIEW_FreeRTOS.o
 .debug_frame   0x0000000000003290      0x178 ./ThirdParty/SEGGER/Rec/segger_uart.o
 .debug_frame   0x0000000000003408      0x530 ./ThirdParty/SEGGER/SEGGER/SEGGER_RTT.o
 .debug_frame   0x0000000000003938      0xbc4 ./ThirdParty/SEGGER/SEGGER/SEGGER_SYSVIEW.o
 .debug_frame   0x00000000000044fc       0x2c c:/st/stm32cubeide_1.4.0/stm32cubeide/plugins/com.st.stm32cube.ide.mcu.externaltools.gnu-tools-for-stm32.10.3-2021.10.win32_1.0.0.202111181127/tools/bin/../lib/gcc/arm-none-eabi/10.3.1/../../../../arm-none-eabi/lib/thumb/v7-m/nofp\libc_nano.a(lib_a-init.o)
 .debug_frame   0x0000000000004528       0x28 c:/st/stm32cubeide_1.4.0/stm32cubeide/plugins/com.st.stm32cube.ide.mcu.externaltools.gnu-tools-for-stm32.10.3-2021.10.win32_1.0.0.202111181127/tools/bin/../lib/gcc/arm-none-eabi/10.3.1/../../../../arm-none-eabi/lib/thumb/v7-m/nofp\libc_nano.a(lib_a-memcmp.o)
 .debug_frame   0x0000000000004550       0x28 c:/st/stm32cubeide_1.4.0/stm32cubeide/plugins/com.st.stm32cube.ide.mcu.externaltools.gnu-tools-for-stm32.10.3-2021.10.win32_1.0.0.202111181127/tools/bin/../lib/gcc/arm-none-eabi/10.3.1/../../../../arm-none-eabi/lib/thumb/v7-m/nofp\libc_nano.a(lib_a-memcpy-stub.o)
 .debug_frame   0x0000000000004578       0x20 c:/st/stm32cubeide_1.4.0/stm32cubeide/plugins/com.st.stm32cube.ide.mcu.externaltools.gnu-tools-for-stm32.10.3-2021.10.win32_1.0.0.202111181127/tools/bin/../lib/gcc/arm-none-eabi/10.3.1/../../../../arm-none-eabi/lib/thumb/v7-m/nofp\libc_nano.a(lib_a-memset.o)
